22:08:13 **** Auto Build of configuration Debug for project baca_i2c ****
make all 
'Building file: ../src/i2c.cpp'
'Invoking: MicroBlaze g++ compiler'
mb-g++ -Wall -O0 -g3 -c -fmessage-length=0 -MT"src/i2c.o" -I../../baca_i2c_bsp/microblaze_0/include -mlittle-endian -mcpu=v10.0 -mxl-soft-mul -Wl,--no-relax -ffunction-sections -fdata-sections -MMD -MP -MF"src/i2c.d" -MT"src/i2c.o" -o "src/i2c.o" "../src/i2c.cpp"
'Finished building: ../src/i2c.cpp'
' '
'Building target: baca_i2c.elf'
'Invoking: MicroBlaze g++ linker'
mb-g++ -Wl,-T -Wl,../src/lscript.ld -L../../baca_i2c_bsp/microblaze_0/lib -mlittle-endian -mcpu=v10.0 -mxl-soft-mul -Wl,--no-relax -Wl,--gc-sections -o "baca_i2c.elf"  ./src/i2c.o ./src/main.o   -Wl,--start-group,-lxil,-lgcc,-lc,-lstdc++,--end-group
'Finished building target: baca_i2c.elf'
' '
'Invoking: MicroBlaze Print Size'
mb-size baca_i2c.elf  |tee "baca_i2c.elf.size"
   text	   data	    bss	    dec	    hex	filename
  22648	   1412	   3484	  27544	   6b98	baca_i2c.elf
'Finished building: baca_i2c.elf.size'
' '

22:08:17 Build Finished (took 3s.267ms)

