19:02:44 **** Build of project baca_i2c_bsp ****
make -k all 
"Running Make include in microblaze_0/libsrc/bram_v4_1/src"
make -C microblaze_0/libsrc/bram_v4_1/src -s include  "SHELL=CMD" "COMPILER=mb-gcc" "ARCHIVER=mb-ar" "COMPILER_FLAGS= -O2 -c -mcpu=v10.0 -mlittle-endian -mxl-soft-mul" "EXTRA_COMPILER_FLAGS=-ffunction-sections -fdata-sections -Wall -Wextra"
"Running Make include in microblaze_0/libsrc/cpu_v2_6/src"
make -C microblaze_0/libsrc/cpu_v2_6/src -s include  "SHELL=CMD" "COMPILER=mb-gcc" "ARCHIVER=mb-ar" "COMPILER_FLAGS= -O2 -c -mcpu=v10.0 -mlittle-endian -mxl-soft-mul" "EXTRA_COMPILER_FLAGS=-ffunction-sections -fdata-sections -Wall -Wextra"
"Running Make include in microblaze_0/libsrc/iic_v3_4/src"
make -C microblaze_0/libsrc/iic_v3_4/src -s include  "SHELL=CMD" "COMPILER=mb-gcc" "ARCHIVER=mb-ar" "COMPILER_FLAGS= -O2 -c -mcpu=v10.0 -mlittle-endian -mxl-soft-mul" "EXTRA_COMPILER_FLAGS=-ffunction-sections -fdata-sections -Wall -Wextra"
"Running Make include in microblaze_0/libsrc/intc_v3_6/src"
make -C microblaze_0/libsrc/intc_v3_6/src -s include  "SHELL=CMD" "COMPILER=mb-gcc" "ARCHIVER=mb-ar" "COMPILER_FLAGS= -O2 -c -mcpu=v10.0 -mlittle-endian -mxl-soft-mul" "EXTRA_COMPILER_FLAGS=-ffunction-sections -fdata-sections -Wall -Wextra"
"Running Make include in microblaze_0/libsrc/standalone_v6_2/src"
make -C microblaze_0/libsrc/standalone_v6_2/src -s include  "SHELL=CMD" "COMPILER=mb-gcc" "ARCHIVER=mb-ar" "COMPILER_FLAGS= -O2 -c -mcpu=v10.0 -mlittle-endian -mxl-soft-mul" "EXTRA_COMPILER_FLAGS=-ffunction-sections -fdata-sections -Wall -Wextra"
"Running Make include in microblaze_0/libsrc/uartlite_v3_2/src"
make -C microblaze_0/libsrc/uartlite_v3_2/src -s include  "SHELL=CMD" "COMPILER=mb-gcc" "ARCHIVER=mb-ar" "COMPILER_FLAGS= -O2 -c -mcpu=v10.0 -mlittle-endian -mxl-soft-mul" "EXTRA_COMPILER_FLAGS=-ffunction-sections -fdata-sections -Wall -Wextra"
"Running Make libs in microblaze_0/libsrc/bram_v4_1/src"
make -C microblaze_0/libsrc/bram_v4_1/src -s libs  "SHELL=CMD" "COMPILER=mb-gcc" "ARCHIVER=mb-ar" "COMPILER_FLAGS= -O2 -c -mcpu=v10.0 -mlittle-endian -mxl-soft-mul" "EXTRA_COMPILER_FLAGS=-ffunction-sections -fdata-sections -Wall -Wextra"
"Compiling bram"
mb-ar: creating ../../../lib/libxil.a
"Running Make libs in microblaze_0/libsrc/cpu_v2_6/src"
make -C microblaze_0/libsrc/cpu_v2_6/src -s libs  "SHELL=CMD" "COMPILER=mb-gcc" "ARCHIVER=mb-ar" "COMPILER_FLAGS= -O2 -c -mcpu=v10.0 -mlittle-endian -mxl-soft-mul" "EXTRA_COMPILER_FLAGS=-ffunction-sections -fdata-sections -Wall -Wextra"
"Compiling cpu"
"Running Make libs in microblaze_0/libsrc/iic_v3_4/src"
make -C microblaze_0/libsrc/iic_v3_4/src -s libs  "SHELL=CMD" "COMPILER=mb-gcc" "ARCHIVER=mb-ar" "COMPILER_FLAGS= -O2 -c -mcpu=v10.0 -mlittle-endian -mxl-soft-mul" "EXTRA_COMPILER_FLAGS=-ffunction-sections -fdata-sections -Wall -Wextra"
"Compiling iic"
"Running Make libs in microblaze_0/libsrc/intc_v3_6/src"
make -C microblaze_0/libsrc/intc_v3_6/src -s libs  "SHELL=CMD" "COMPILER=mb-gcc" "ARCHIVER=mb-ar" "COMPILER_FLAGS= -O2 -c -mcpu=v10.0 -mlittle-endian -mxl-soft-mul" "EXTRA_COMPILER_FLAGS=-ffunction-sections -fdata-sections -Wall -Wextra"
"Compiling intc"
"Running Make libs in microblaze_0/libsrc/standalone_v6_2/src"
make -C microblaze_0/libsrc/standalone_v6_2/src -s libs  "SHELL=CMD" "COMPILER=mb-gcc" "ARCHIVER=mb-ar" "COMPILER_FLAGS= -O2 -c -mcpu=v10.0 -mlittle-endian -mxl-soft-mul" "EXTRA_COMPILER_FLAGS=-ffunction-sections -fdata-sections -Wall -Wextra"
"Compiling standalone";
"Running Make libs in microblaze_0/libsrc/uartlite_v3_2/src"
make -C microblaze_0/libsrc/uartlite_v3_2/src -s libs  "SHELL=CMD" "COMPILER=mb-gcc" "ARCHIVER=mb-ar" "COMPILER_FLAGS= -O2 -c -mcpu=v10.0 -mlittle-endian -mxl-soft-mul" "EXTRA_COMPILER_FLAGS=-ffunction-sections -fdata-sections -Wall -Wextra"
"Compiling uartlite"
'Finished building libraries'
19:03:15 **** Build of configuration Debug for project baca_i2c ****
make all 
'Building file: ../src/main.cc'
'Invoking: MicroBlaze g++ compiler'
mb-g++ -Wall -O0 -g3 -c -fmessage-length=0 -MT"src/main.o" -I../../baca_i2c_bsp/microblaze_0/include -mlittle-endian -mcpu=v10.0 -mxl-soft-mul -Wl,--no-relax -ffunction-sections -fdata-sections -MMD -MP -MF"src/main.d" -MT"src/main.o" -o "src/main.o" "../src/main.cc"
'Finished building: ../src/main.cc'
' '
'Building target: baca_i2c.elf'
'Invoking: MicroBlaze g++ linker'
mb-g++ -Wl,-T -Wl,../src/lscript.ld -L../../baca_i2c_bsp/microblaze_0/lib -mlittle-endian -mcpu=v10.0 -mxl-soft-mul -Wl,--no-relax -Wl,--gc-sections -o "baca_i2c.elf"  ./src/main.o   -Wl,--start-group,-lxil,-lgcc,-lc,-lstdc++,--end-group
'Finished building target: baca_i2c.elf'
' '
'Invoking: MicroBlaze Print Size'
mb-size baca_i2c.elf  |tee "baca_i2c.elf.size"
   text	   data	    bss	    dec	    hex	filename
   2392	    316	   3108	   5816	   16b8	baca_i2c.elf
'Finished building: baca_i2c.elf.size'
' '
21:13:26 **** Build of configuration Debug for project baca_i2c_bsp_xiic_slave_example_1 ****
make all 
'Building file: ../src/xiic_slave_example.c'
'Invoking: MicroBlaze gcc compiler'
mb-gcc -Wall -O0 -g3 -c -fmessage-length=0 -MT"src/xiic_slave_example.o" -I../../baca_i2c_bsp/microblaze_0/include -mlittle-endian -mcpu=v10.0 -mxl-soft-mul -Wl,--no-relax -ffunction-sections -fdata-sections -MMD -MP -MF"src/xiic_slave_example.d" -MT"src/xiic_slave_example.o" -o "src/xiic_slave_example.o" "../src/xiic_slave_example.c"
'Finished building: ../src/xiic_slave_example.c'
' '
'Building target: baca_i2c_bsp_xiic_slave_example_1.elf'
'Invoking: MicroBlaze gcc linker'
mb-gcc -Wl,-T -Wl,../src/lscript.ld -L../../baca_i2c_bsp/microblaze_0/lib -mlittle-endian -mcpu=v10.0 -mxl-soft-mul -Wl,--no-relax -Wl,--gc-sections -o "baca_i2c_bsp_xiic_slave_example_1.elf"  ./src/xiic_slave_example.o   -Wl,--start-group,-lxil,-lgcc,-lc,--end-group
'Finished building target: baca_i2c_bsp_xiic_slave_example_1.elf'
' '
'Invoking: MicroBlaze Print Size'
mb-size baca_i2c_bsp_xiic_slave_example_1.elf  |tee "baca_i2c_bsp_xiic_slave_example_1.elf.size"
   text	   data	    bss	    dec	    hex	filename
  13468	    372	   3424	  17264	   4370	baca_i2c_bsp_xiic_slave_example_1.elf
'Finished building: baca_i2c_bsp_xiic_slave_example_1.elf.size'
' '
21:15:36 **** Auto Build of configuration Debug for project baca_i2c ****
make all 
'Building file: ../src/main.cc'
'Invoking: MicroBlaze g++ compiler'
mb-g++ -Wall -O0 -g3 -c -fmessage-length=0 -MT"src/main.o" -I../../baca_i2c_bsp/microblaze_0/include -mlittle-endian -mcpu=v10.0 -mxl-soft-mul -Wl,--no-relax -ffunction-sections -fdata-sections -MMD -MP -MF"src/main.d" -MT"src/main.o" -o "src/main.o" "../src/main.cc"
'Finished building: ../src/main.cc'
' '
'Building target: baca_i2c.elf'
'Invoking: MicroBlaze g++ linker'
mb-g++ -Wl,-T -Wl,../src/lscript.ld -L../../baca_i2c_bsp/microblaze_0/lib -mlittle-endian -mcpu=v10.0 -mxl-soft-mul -Wl,--no-relax -Wl,--gc-sections -o "baca_i2c.elf"  ./src/main.o   -Wl,--start-group,-lxil,-lgcc,-lc,-lstdc++,--end-group
'Finished building target: baca_i2c.elf'
' '
'Invoking: MicroBlaze Print Size'
mb-size baca_i2c.elf  |tee "baca_i2c.elf.size"
   text	   data	    bss	    dec	    hex	filename
  13780	    372	   3424	  17576	   44a8	baca_i2c.elf
'Finished building: baca_i2c.elf.size'
' '
21:22:21 **** Auto Build of configuration Debug for project baca_i2c ****
make all 
'Building file: ../src/main.cc'
'Invoking: MicroBlaze g++ compiler'
mb-g++ -Wall -O0 -g3 -c -fmessage-length=0 -MT"src/main.o" -I../../baca_i2c_bsp/microblaze_0/include -mlittle-endian -mcpu=v10.0 -mxl-soft-mul -Wl,--no-relax -ffunction-sections -fdata-sections -MMD -MP -MF"src/main.d" -MT"src/main.o" -o "src/main.o" "../src/main.cc"
'Finished building: ../src/main.cc'
' '
'Building target: baca_i2c.elf'
'Invoking: MicroBlaze g++ linker'
mb-g++ -Wl,-T -Wl,../src/lscript.ld -L../../baca_i2c_bsp/microblaze_0/lib -mlittle-endian -mcpu=v10.0 -mxl-soft-mul -Wl,--no-relax -Wl,--gc-sections -o "baca_i2c.elf"  ./src/main.o   -Wl,--start-group,-lxil,-lgcc,-lc,-lstdc++,--end-group
'Finished building target: baca_i2c.elf'
' '
'Invoking: MicroBlaze Print Size'
mb-size baca_i2c.elf  |tee "baca_i2c.elf.size"
   text	   data	    bss	    dec	    hex	filename
  13780	    372	   3424	  17576	   44a8	baca_i2c.elf
'Finished building: baca_i2c.elf.size'
' '
22:08:13 **** Auto Build of configuration Debug for project baca_i2c ****
make all 
'Building file: ../src/i2c.cpp'
'Invoking: MicroBlaze g++ compiler'
mb-g++ -Wall -O0 -g3 -c -fmessage-length=0 -MT"src/i2c.o" -I../../baca_i2c_bsp/microblaze_0/include -mlittle-endian -mcpu=v10.0 -mxl-soft-mul -Wl,--no-relax -ffunction-sections -fdata-sections -MMD -MP -MF"src/i2c.d" -MT"src/i2c.o" -o "src/i2c.o" "../src/i2c.cpp"
'Finished building: ../src/i2c.cpp'
' '
'Building target: baca_i2c.elf'
'Invoking: MicroBlaze g++ linker'
mb-g++ -Wl,-T -Wl,../src/lscript.ld -L../../baca_i2c_bsp/microblaze_0/lib -mlittle-endian -mcpu=v10.0 -mxl-soft-mul -Wl,--no-relax -Wl,--gc-sections -o "baca_i2c.elf"  ./src/i2c.o ./src/main.o   -Wl,--start-group,-lxil,-lgcc,-lc,-lstdc++,--end-group
'Finished building target: baca_i2c.elf'
' '
'Invoking: MicroBlaze Print Size'
mb-size baca_i2c.elf  |tee "baca_i2c.elf.size"
   text	   data	    bss	    dec	    hex	filename
  22648	   1412	   3484	  27544	   6b98	baca_i2c.elf
'Finished building: baca_i2c.elf.size'
' '
13:57:38 **** Clean-only build of configuration Debug for project baca_i2c ****
make clean 
rm -rf  ./src/main.d  ./src/i2c.o ./src/main.o  ./src/i2c.d  baca_i2c.elf.size  baca_i2c.elf
' '
13:57:45 **** Auto Build of configuration Debug for project baca_i2c ****
make all 
'Building file: ../src/i2c.cpp'
'Invoking: MicroBlaze g++ compiler'
mb-g++ -Wall -O0 -g3 -c -fmessage-length=0 -MT"src/i2c.o" -I../../baca_i2c_bsp/microblaze_0/include -mlittle-endian -mcpu=v10.0 -mxl-soft-mul -Wl,--no-relax -ffunction-sections -fdata-sections -MMD -MP -MF"src/i2c.d" -MT"src/i2c.o" -o "src/i2c.o" "../src/i2c.cpp"
In file included from ../src/i2c.cpp:8:0:
../src/i2c.h:21:108: error: 'I2Cdev' has not been declared
  static int8_t readBit(uint8_t devAddr, uint8_t regAddr, uint8_t bitNum, uint8_t *data, uint16_t timeout = I2Cdev::readTimeout);
                                                                                                            ^~~~~~
In file included from ../src/i2c.cpp:8:0:
../src/i2c.h:22:110: error: 'I2Cdev' has not been declared
  static int8_t readBitW(uint8_t devAddr, uint8_t regAddr, uint8_t bitNum, uint16_t *data, uint16_t timeout = I2Cdev::readTimeout);
                                                                                                              ^~~~~~
../src/i2c.h:23:127: error: 'I2Cdev' has not been declared
  static int8_t readBits(uint8_t devAddr, uint8_t regAddr, uint8_t bitStart, uint8_t length, uint8_t *data, uint16_t timeout = I2Cdev::readTimeout);
                                                                                                                               ^~~~~~
../src/i2c.h:24:129: error: 'I2Cdev' has not been declared
  static int8_t readBitsW(uint8_t devAddr, uint8_t regAddr, uint8_t bitStart, uint8_t length, uint16_t *data, uint16_t timeout = I2Cdev::readTimeout);
                                                                                                                                 ^~~~~~
../src/i2c.h:25:93: error: 'I2Cdev' has not been declared
  static int8_t readByte(uint8_t devAddr, uint8_t regAddr, uint8_t *data, uint16_t timeout = I2Cdev::readTimeout);
                                                                                             ^~~~~~
../src/i2c.h:26:94: error: 'I2Cdev' has not been declared
  static int8_t readWord(uint8_t devAddr, uint8_t regAddr, uint16_t *data, uint16_t timeout = I2Cdev::readTimeout);
                                                                                              ^~~~~~
../src/i2c.h:27:110: error: 'I2Cdev' has not been declared
  static int8_t readBytes(uint8_t devAddr, uint8_t regAddr, uint8_t length, uint8_t *data, uint16_t timeout = I2Cdev::readTimeout);
                                                                                                              ^~~~~~
../src/i2c.h:28:111: error: 'I2Cdev' has not been declared
  static int8_t readWords(uint8_t devAddr, uint8_t regAddr, uint8_t length, uint16_t *data, uint16_t timeout = I2Cdev::readTimeout);
                                                                                                               ^~~~~~
make: *** [src/i2c.o] Error 1
14:02:28 **** Auto Build of configuration Debug for project baca_i2c ****
make all 
'Building file: ../src/i2c.cpp'
'Invoking: MicroBlaze g++ compiler'
mb-g++ -Wall -O0 -g3 -c -fmessage-length=0 -MT"src/i2c.o" -I../../baca_i2c_bsp/microblaze_0/include -mlittle-endian -mcpu=v10.0 -mxl-soft-mul -Wl,--no-relax -ffunction-sections -fdata-sections -MMD -MP -MF"src/i2c.d" -MT"src/i2c.o" -o "src/i2c.o" "../src/i2c.cpp"
In file included from ../src/i2c.cpp:8:0:
../src/i2c.h:22:110: error: 'I2Cdev' has not been declared
  static int8_t readBitW(uint8_t devAddr, uint8_t regAddr, uint8_t bitNum, uint16_t *data, uint16_t timeout = I2Cdev::readTimeout);
                                                                                                              ^~~~~~
In file included from ../src/i2c.cpp:8:0:
../src/i2c.h:23:127: error: 'I2Cdev' has not been declared
  static int8_t readBits(uint8_t devAddr, uint8_t regAddr, uint8_t bitStart, uint8_t length, uint8_t *data, uint16_t timeout = I2Cdev::readTimeout);
                                                                                                                               ^~~~~~
../src/i2c.h:24:129: error: 'I2Cdev' has not been declared
  static int8_t readBitsW(uint8_t devAddr, uint8_t regAddr, uint8_t bitStart, uint8_t length, uint16_t *data, uint16_t timeout = I2Cdev::readTimeout);
                                                                                                                                 ^~~~~~
../src/i2c.h:25:93: error: 'I2Cdev' has not been declared
  static int8_t readByte(uint8_t devAddr, uint8_t regAddr, uint8_t *data, uint16_t timeout = I2Cdev::readTimeout);
                                                                                             ^~~~~~
../src/i2c.h:26:94: error: 'I2Cdev' has not been declared
  static int8_t readWord(uint8_t devAddr, uint8_t regAddr, uint16_t *data, uint16_t timeout = I2Cdev::readTimeout);
                                                                                              ^~~~~~
../src/i2c.h:27:110: error: 'I2Cdev' has not been declared
  static int8_t readBytes(uint8_t devAddr, uint8_t regAddr, uint8_t length, uint8_t *data, uint16_t timeout = I2Cdev::readTimeout);
                                                                                                              ^~~~~~
../src/i2c.h:28:111: error: 'I2Cdev' has not been declared
  static int8_t readWords(uint8_t devAddr, uint8_t regAddr, uint8_t length, uint16_t *data, uint16_t timeout = I2Cdev::readTimeout);
                                                                                                               ^~~~~~
make: *** [src/i2c.o] Error 1
14:02:56 **** Auto Build of configuration Debug for project baca_i2c ****
make all 
'Building file: ../src/i2c.cpp'
'Invoking: MicroBlaze g++ compiler'
mb-g++ -Wall -O0 -g3 -c -fmessage-length=0 -MT"src/i2c.o" -I../../baca_i2c_bsp/microblaze_0/include -mlittle-endian -mcpu=v10.0 -mxl-soft-mul -Wl,--no-relax -ffunction-sections -fdata-sections -MMD -MP -MF"src/i2c.d" -MT"src/i2c.o" -o "src/i2c.o" "../src/i2c.cpp"
In file included from ../src/i2c.cpp:8:0:
../src/i2c.h:24:129: error: 'I2Cdev' has not been declared
  static int8_t readBitsW(uint8_t devAddr, uint8_t regAddr, uint8_t bitStart, uint8_t length, uint16_t *data, uint16_t timeout = I2Cdev::readTimeout);
                                                                                                                                 ^~~~~~
../src/i2c.h:25:93: error: 'I2Cdev' has not been declared
  static int8_t readByte(uint8_t devAddr, uint8_t regAddr, uint8_t *data, uint16_t timeout = I2Cdev::readTimeout);
                                                                                             ^~~~~~
../src/i2c.h:26:94: error: 'I2Cdev' has not been declared
  static int8_t readWord(uint8_t devAddr, uint8_t regAddr, uint16_t *data, uint16_t timeout = I2Cdev::readTimeout);
                                                                                              ^~~~~~
../src/i2c.h:27:110: error: 'I2Cdev' has not been declared
  static int8_t readBytes(uint8_t devAddr, uint8_t regAddr, uint8_t length, uint8_t *data, uint16_t timeout = I2Cdev::readTimeout);
                                                                                                              ^~~~~~
../src/i2c.h:28:111: error: 'I2Cdev' has not been declared
  static int8_t readWords(uint8_t devAddr, uint8_t regAddr, uint8_t length, uint16_t *data, uint16_t timeout = I2Cdev::readTimeout);
                                                                                                               ^~~~~~
make: *** [src/i2c.o] Error 1
14:03:02 **** Auto Build of configuration Debug for project baca_i2c ****
make all 
'Building file: ../src/i2c.cpp'
'Invoking: MicroBlaze g++ compiler'
mb-g++ -Wall -O0 -g3 -c -fmessage-length=0 -MT"src/i2c.o" -I../../baca_i2c_bsp/microblaze_0/include -mlittle-endian -mcpu=v10.0 -mxl-soft-mul -Wl,--no-relax -ffunction-sections -fdata-sections -MMD -MP -MF"src/i2c.d" -MT"src/i2c.o" -o "src/i2c.o" "../src/i2c.cpp"
In file included from ../src/i2c.cpp:8:0:
../src/i2c.h:25:93: error: 'I2Cdev' has not been declared
  static int8_t readByte(uint8_t devAddr, uint8_t regAddr, uint8_t *data, uint16_t timeout = I2Cdev::readTimeout);
                                                                                             ^~~~~~
../src/i2c.h:26:94: error: 'I2Cdev' has not been declared
  static int8_t readWord(uint8_t devAddr, uint8_t regAddr, uint16_t *data, uint16_t timeout = I2Cdev::readTimeout);
                                                                                              ^~~~~~
../src/i2c.h:27:110: error: 'I2Cdev' has not been declared
  static int8_t readBytes(uint8_t devAddr, uint8_t regAddr, uint8_t length, uint8_t *data, uint16_t timeout = I2Cdev::readTimeout);
                                                                                                              ^~~~~~
In file included from ../src/i2c.cpp:8:0:
../src/i2c.h:28:111: error: 'I2Cdev' has not been declared
  static int8_t readWords(uint8_t devAddr, uint8_t regAddr, uint8_t length, uint16_t *data, uint16_t timeout = I2Cdev::readTimeout);
                                                                                                               ^~~~~~
make: *** [src/i2c.o] Error 1
14:03:30 **** Auto Build of configuration Debug for project baca_i2c ****
make all 
'Building file: ../src/i2c.cpp'
'Invoking: MicroBlaze g++ compiler'
mb-g++ -Wall -O0 -g3 -c -fmessage-length=0 -MT"src/i2c.o" -I../../baca_i2c_bsp/microblaze_0/include -mlittle-endian -mcpu=v10.0 -mxl-soft-mul -Wl,--no-relax -ffunction-sections -fdata-sections -MMD -MP -MF"src/i2c.d" -MT"src/i2c.o" -o "src/i2c.o" "../src/i2c.cpp"
In file included from ../src/i2c.cpp:8:0:
../src/i2c.h:28:111: error: 'I2Cdev' has not been declared
  static int8_t readWords(uint8_t devAddr, uint8_t regAddr, uint8_t length, uint16_t *data, uint16_t timeout = I2Cdev::readTimeout);
                                                                                                               ^~~~~~
make: *** [src/i2c.o] Error 1
14:03:37 **** Auto Build of configuration Debug for project baca_i2c ****
make all 
'Building file: ../src/i2c.cpp'
'Invoking: MicroBlaze g++ compiler'
mb-g++ -Wall -O0 -g3 -c -fmessage-length=0 -MT"src/i2c.o" -I../../baca_i2c_bsp/microblaze_0/include -mlittle-endian -mcpu=v10.0 -mxl-soft-mul -Wl,--no-relax -ffunction-sections -fdata-sections -MMD -MP -MF"src/i2c.d" -MT"src/i2c.o" -o "src/i2c.o" "../src/i2c.cpp"
'Finished building: ../src/i2c.cpp'
' '
'Building file: ../src/main.cc'
'Invoking: MicroBlaze g++ compiler'
mb-g++ -Wall -O0 -g3 -c -fmessage-length=0 -MT"src/main.o" -I../../baca_i2c_bsp/microblaze_0/include -mlittle-endian -mcpu=v10.0 -mxl-soft-mul -Wl,--no-relax -ffunction-sections -fdata-sections -MMD -MP -MF"src/main.d" -MT"src/main.o" -o "src/main.o" "../src/main.cc"
'Finished building: ../src/main.cc'
' '
'Building target: baca_i2c.elf'
'Invoking: MicroBlaze g++ linker'
mb-g++ -Wl,-T -Wl,../src/lscript.ld -L../../baca_i2c_bsp/microblaze_0/lib -mlittle-endian -mcpu=v10.0 -mxl-soft-mul -Wl,--no-relax -Wl,--gc-sections -o "baca_i2c.elf"  ./src/i2c.o ./src/main.o   -Wl,--start-group,-lxil,-lgcc,-lc,-lstdc++,--end-group
'Finished building target: baca_i2c.elf'
' '
'Invoking: MicroBlaze Print Size'
mb-size baca_i2c.elf  |tee "baca_i2c.elf.size"
   text	   data	    bss	    dec	    hex	filename
  22648	   1412	   3484	  27544	   6b98	baca_i2c.elf
'Finished building: baca_i2c.elf.size'
' '
14:07:11 **** Auto Build of configuration Debug for project baca_i2c ****
make all 
'Building file: ../src/i2c.cpp'
'Invoking: MicroBlaze g++ compiler'
mb-g++ -Wall -O0 -g3 -c -fmessage-length=0 -MT"src/i2c.o" -I../../baca_i2c_bsp/microblaze_0/include -mlittle-endian -mcpu=v10.0 -mxl-soft-mul -Wl,--no-relax -ffunction-sections -fdata-sections -MMD -MP -MF"src/i2c.d" -MT"src/i2c.o" -o "src/i2c.o" "../src/i2c.cpp"
../src/i2c.cpp:23:8: error: 'I2Cdev' has not been declared
 int8_t I2Cdev::readBit(uint8_t devAddr, uint8_t regAddr, uint8_t bitNum, uint8_t *data, uint16_t timeout) {
        ^~~~~~
../src/i2c.cpp: In function 'int8_t readBit(uint8_t, uint8_t, uint8_t, uint8_t*, uint16_t)':
../src/i2c.cpp:25:56: error: 'readByte' was not declared in this scope
  uint8_t count = readByte(devAddr, regAddr, &b, timeout);
                                                        ^
../src/i2c.cpp: At global scope:
../src/i2c.cpp:38:8: error: 'I2Cdev' has not been declared
 int8_t I2Cdev::readBitW(uint8_t devAddr, uint8_t regAddr, uint8_t bitNum, uint16_t *data, uint16_t timeout) {
        ^~~~~~
../src/i2c.cpp: In function 'int8_t readBitW(uint8_t, uint8_t, uint8_t, uint16_t*, uint16_t)':
../src/i2c.cpp:40:56: error: 'readWord' was not declared in this scope
  uint8_t count = readWord(devAddr, regAddr, &b, timeout);
                                                        ^
../src/i2c.cpp: At global scope:
../src/i2c.cpp:54:8: error: 'I2Cdev' has not been declared
 int8_t I2Cdev::readBits(uint8_t devAddr, uint8_t regAddr, uint8_t bitStart, uint8_t length, uint8_t *data, uint16_t timeout) {
        ^~~~~~
../src/i2c.cpp: In function 'int8_t readBits(uint8_t, uint8_t, uint8_t, uint8_t, uint8_t*, uint16_t)':
../src/i2c.cpp:61:53: error: 'readByte' was not declared in this scope
  if ((count = readByte(devAddr, regAddr, &b, timeout)) != 0) {
                                                     ^
../src/i2c.cpp: At global scope:
../src/i2c.cpp:79:8: error: 'I2Cdev' has not been declared
 int8_t I2Cdev::readBitsW(uint8_t devAddr, uint8_t regAddr, uint8_t bitStart, uint8_t length, uint16_t *data, uint16_t timeout) {
        ^~~~~~
../src/i2c.cpp: In function 'int8_t readBitsW(uint8_t, uint8_t, uint8_t, uint8_t, uint16_t*, uint16_t)':
../src/i2c.cpp:87:53: error: 'readWord' was not declared in this scope
  if ((count = readWord(devAddr, regAddr, &w, timeout)) != 0) {
                                                     ^
../src/i2c.cpp: At global scope:
../src/i2c.cpp:103:8: error: 'I2Cdev' has not been declared
 int8_t I2Cdev::readByte(uint8_t devAddr, uint8_t regAddr, uint8_t *data, uint16_t timeout) {
        ^~~~~~
../src/i2c.cpp: In function 'int8_t readByte(uint8_t, uint8_t, uint8_t*, uint16_t)':
../src/i2c.cpp:104:53: error: 'readBytes' was not declared in this scope
  return readBytes(devAddr, regAddr, 1, data, timeout);
                                                     ^
../src/i2c.cpp: At global scope:
../src/i2c.cpp:114:8: error: 'I2Cdev' has not been declared
 int8_t I2Cdev::readWord(uint8_t devAddr, uint8_t regAddr, uint16_t *data, uint16_t timeout) {
        ^~~~~~
../src/i2c.cpp: In function 'int8_t readWord(uint8_t, uint8_t, uint16_t*, uint16_t)':
../src/i2c.cpp:115:53: error: 'readWords' was not declared in this scope
  return readWords(devAddr, regAddr, 1, data, timeout);
                                                     ^
../src/i2c.cpp: At global scope:
../src/i2c.cpp:126:8: error: 'I2Cdev' has not been declared
 int8_t I2Cdev::readBytes(uint8_t devAddr, uint8_t regAddr, uint8_t length, uint8_t *data, uint16_t timeout) {
        ^~~~~~
../src/i2c.cpp: In function 'int8_t readBytes(uint8_t, uint8_t, uint8_t, uint8_t*, uint16_t)':
../src/i2c.cpp:138:23: error: 'millis' was not declared in this scope
  uint32_t t1 = millis();
                       ^
../src/i2c.cpp:148:51: error: 'BUFFER_LENGTH' was not declared in this scope
  for (uint8_t k = 0; k < length; k += min(length, BUFFER_LENGTH)) {
                                                   ^~~~~~~~~~~~~
../src/i2c.cpp:148:64: error: 'min' was not declared in this scope
  for (uint8_t k = 0; k < length; k += min(length, BUFFER_LENGTH)) {
                                                                ^
../src/i2c.cpp:149:3: error: 'Wire' was not declared in this scope
   Wire.beginTransmission(devAddr);
   ^~~~
../src/i2c.cpp: At global scope:
../src/i2c.cpp:259:8: error: 'I2Cdev' has not been declared
 int8_t I2Cdev::readWords(uint8_t devAddr, uint8_t regAddr, uint8_t length, uint16_t *data, uint16_t timeout) {
        ^~~~~~
../src/i2c.cpp: In function 'int8_t readWords(uint8_t, uint8_t, uint8_t, uint16_t*, uint16_t)':
../src/i2c.cpp:271:23: error: 'millis' was not declared in this scope
  uint32_t t1 = millis();
                       ^
../src/i2c.cpp:281:59: error: 'BUFFER_LENGTH' was not declared in this scope
  for (uint8_t k = 0; k < length * 2; k += min(length * 2, BUFFER_LENGTH)) {
                                                           ^~~~~~~~~~~~~
../src/i2c.cpp:281:72: error: 'min' was not declared in this scope
  for (uint8_t k = 0; k < length * 2; k += min(length * 2, BUFFER_LENGTH)) {
                                                                        ^
../src/i2c.cpp:282:3: error: 'Wire' was not declared in this scope
   Wire.beginTransmission(devAddr);
   ^~~~
../src/i2c.cpp: At global scope:
../src/i2c.cpp:427:6: error: 'I2Cdev' has not been declared
 bool I2Cdev::writeBit(uint8_t devAddr, uint8_t regAddr, uint8_t bitNum, uint8_t data) {
      ^~~~~~
../src/i2c.cpp: In function 'bool writeBit(uint8_t, uint8_t, uint8_t, uint8_t)':
../src/i2c.cpp:429:31: error: too few arguments to function 'int8_t readByte(uint8_t, uint8_t, uint8_t*, uint16_t)'
  readByte(devAddr, regAddr, &b);
                               ^
../src/i2c.cpp:103:8: note: declared here
 int8_t I2Cdev::readByte(uint8_t devAddr, uint8_t regAddr, uint8_t *data, uint16_t timeout) {
        ^~~~~~
../src/i2c.cpp:431:38: error: 'writeByte' was not declared in this scope
  return writeByte(devAddr, regAddr, b);
                                      ^
../src/i2c.cpp: At global scope:
../src/i2c.cpp:441:6: error: 'I2Cdev' has not been declared
 bool I2Cdev::writeBitW(uint8_t devAddr, uint8_t regAddr, uint8_t bitNum, uint16_t data) {
      ^~~~~~
../src/i2c.cpp: In function 'bool writeBitW(uint8_t, uint8_t, uint8_t, uint16_t)':
../src/i2c.cpp:443:31: error: too few arguments to function 'int8_t readWord(uint8_t, uint8_t, uint16_t*, uint16_t)'
  readWord(devAddr, regAddr, &w);
                               ^
../src/i2c.cpp:114:8: note: declared here
 int8_t I2Cdev::readWord(uint8_t devAddr, uint8_t regAddr, uint16_t *data, uint16_t timeout) {
        ^~~~~~
../src/i2c.cpp:445:38: error: 'writeWord' was not declared in this scope
  return writeWord(devAddr, regAddr, w);
                                      ^
../src/i2c.cpp: At global scope:
../src/i2c.cpp:456:6: error: 'I2Cdev' has not been declared
 bool I2Cdev::writeBits(uint8_t devAddr, uint8_t regAddr, uint8_t bitStart, uint8_t length, uint8_t data) {
      ^~~~~~
../src/i2c.cpp: In function 'bool writeBits(uint8_t, uint8_t, uint8_t, uint8_t, uint8_t)':
../src/i2c.cpp:465:35: error: too few arguments to function 'int8_t readByte(uint8_t, uint8_t, uint8_t*, uint16_t)'
  if (readByte(devAddr, regAddr, &b) != 0) {
                                   ^
../src/i2c.cpp:103:8: note: declared here
 int8_t I2Cdev::readByte(uint8_t devAddr, uint8_t regAddr, uint8_t *data, uint16_t timeout) {
        ^~~~~~
../src/i2c.cpp:471:39: error: 'writeByte' was not declared in this scope
   return writeByte(devAddr, regAddr, b);
                                       ^
../src/i2c.cpp: At global scope:
../src/i2c.cpp:486:6: error: 'I2Cdev' has not been declared
 bool I2Cdev::writeBitsW(uint8_t devAddr, uint8_t regAddr, uint8_t bitStart, uint8_t length, uint16_t data) {
      ^~~~~~
../src/i2c.cpp: In function 'bool writeBitsW(uint8_t, uint8_t, uint8_t, uint8_t, uint16_t)':
../src/i2c.cpp:495:35: error: too few arguments to function 'int8_t readWord(uint8_t, uint8_t, uint16_t*, uint16_t)'
  if (readWord(devAddr, regAddr, &w) != 0) {
                                   ^
../src/i2c.cpp:114:8: note: declared here
 int8_t I2Cdev::readWord(uint8_t devAddr, uint8_t regAddr, uint16_t *data, uint16_t timeout) {
        ^~~~~~
../src/i2c.cpp:501:39: error: 'writeWord' was not declared in this scope
   return writeWord(devAddr, regAddr, w);
                                       ^
../src/i2c.cpp: At global scope:
../src/i2c.cpp:514:6: error: 'I2Cdev' has not been declared
 bool I2Cdev::writeByte(uint8_t devAddr, uint8_t regAddr, uint8_t data) {
      ^~~~~~
../src/i2c.cpp: In function 'bool writeByte(uint8_t, uint8_t, uint8_t)':
../src/i2c.cpp:515:46: error: 'writeBytes' was not declared in this scope
  return writeBytes(devAddr, regAddr, 1, &data);
                                              ^
../src/i2c.cpp: At global scope:
../src/i2c.cpp:524:6: error: 'I2Cdev' has not been declared
 bool I2Cdev::writeWord(uint8_t devAddr, uint8_t regAddr, uint16_t data) {
      ^~~~~~
../src/i2c.cpp: In function 'bool writeWord(uint8_t, uint8_t, uint16_t)':
../src/i2c.cpp:525:46: error: 'writeWords' was not declared in this scope
  return writeWords(devAddr, regAddr, 1, &data);
                                              ^
../src/i2c.cpp: At global scope:
../src/i2c.cpp:535:6: error: 'I2Cdev' has not been declared
 bool I2Cdev::writeBytes(uint8_t devAddr, uint8_t regAddr, uint8_t length, uint8_t* data) {
      ^~~~~~
../src/i2c.cpp: In function 'bool writeBytes(uint8_t, uint8_t, uint8_t, uint8_t*)':
../src/i2c.cpp:547:2: error: 'Wire' was not declared in this scope
  Wire.beginTransmission(devAddr);
  ^~~~
../src/i2c.cpp: At global scope:
../src/i2c.cpp:587:6: error: 'I2Cdev' has not been declared
 bool I2Cdev::writeWords(uint8_t devAddr, uint8_t regAddr, uint8_t length, uint16_t* data) {
      ^~~~~~
../src/i2c.cpp: In function 'bool writeWords(uint8_t, uint8_t, uint8_t, uint16_t*)':
../src/i2c.cpp:599:2: error: 'Wire' was not declared in this scope
  Wire.beginTransmission(devAddr);
  ^~~~
../src/i2c.cpp: At global scope:
../src/i2c.cpp:638:10: error: 'I2Cdev' has not been declared
 uint16_t I2Cdev::readTimeout = I2CDEV_DEFAULT_READ_TIMEOUT;
          ^~~~~~
../src/i2c.cpp:638:32: error: 'I2CDEV_DEFAULT_READ_TIMEOUT' was not declared in this scope
 uint16_t I2Cdev::readTimeout = I2CDEV_DEFAULT_READ_TIMEOUT;
                                ^~~~~~~~~~~~~~~~~~~~~~~~~~~
make: *** [src/i2c.o] Error 1
14:10:28 **** Auto Build of configuration Debug for project baca_i2c ****
make all 
'Building file: ../src/i2c.cpp'
'Invoking: MicroBlaze g++ compiler'
mb-g++ -Wall -O0 -g3 -c -fmessage-length=0 -MT"src/i2c.o" -I../../baca_i2c_bsp/microblaze_0/include -mlittle-endian -mcpu=v10.0 -mxl-soft-mul -Wl,--no-relax -ffunction-sections -fdata-sections -MMD -MP -MF"src/i2c.d" -MT"src/i2c.o" -o "src/i2c.o" "../src/i2c.cpp"
../src/i2c.cpp:10:1: error: 'I2Cdev' does not name a type
 I2Cdev::I2Cdev() {
 ^~~~~~
../src/i2c.cpp:23:8: error: 'I2Cdev' has not been declared
 int8_t I2Cdev::readBit(uint8_t devAddr, uint8_t regAddr, uint8_t bitNum, uint8_t *data, uint16_t timeout) {
        ^~~~~~
../src/i2c.cpp: In function 'int8_t readBit(uint8_t, uint8_t, uint8_t, uint8_t*, uint16_t)':
../src/i2c.cpp:25:56: error: 'readByte' was not declared in this scope
  uint8_t count = readByte(devAddr, regAddr, &b, timeout);
                                                        ^
../src/i2c.cpp: At global scope:
../src/i2c.cpp:38:8: error: 'I2Cdev' has not been declared
 int8_t I2Cdev::readBitW(uint8_t devAddr, uint8_t regAddr, uint8_t bitNum, uint16_t *data, uint16_t timeout) {
        ^~~~~~
../src/i2c.cpp: In function 'int8_t readBitW(uint8_t, uint8_t, uint8_t, uint16_t*, uint16_t)':
../src/i2c.cpp:40:56: error: 'readWord' was not declared in this scope
  uint8_t count = readWord(devAddr, regAddr, &b, timeout);
                                                        ^
../src/i2c.cpp: At global scope:
../src/i2c.cpp:54:8: error: 'I2Cdev' has not been declared
 int8_t I2Cdev::readBits(uint8_t devAddr, uint8_t regAddr, uint8_t bitStart, uint8_t length, uint8_t *data, uint16_t timeout) {
        ^~~~~~
../src/i2c.cpp: In function 'int8_t readBits(uint8_t, uint8_t, uint8_t, uint8_t, uint8_t*, uint16_t)':
../src/i2c.cpp:61:53: error: 'readByte' was not declared in this scope
  if ((count = readByte(devAddr, regAddr, &b, timeout)) != 0) {
                                                     ^
../src/i2c.cpp: At global scope:
../src/i2c.cpp:79:8: error: 'I2Cdev' has not been declared
 int8_t I2Cdev::readBitsW(uint8_t devAddr, uint8_t regAddr, uint8_t bitStart, uint8_t length, uint16_t *data, uint16_t timeout) {
        ^~~~~~
../src/i2c.cpp: In function 'int8_t readBitsW(uint8_t, uint8_t, uint8_t, uint8_t, uint16_t*, uint16_t)':
../src/i2c.cpp:87:53: error: 'readWord' was not declared in this scope
  if ((count = readWord(devAddr, regAddr, &w, timeout)) != 0) {
                                                     ^
../src/i2c.cpp: At global scope:
../src/i2c.cpp:103:8: error: 'I2Cdev' has not been declared
 int8_t I2Cdev::readByte(uint8_t devAddr, uint8_t regAddr, uint8_t *data, uint16_t timeout) {
        ^~~~~~
../src/i2c.cpp: In function 'int8_t readByte(uint8_t, uint8_t, uint8_t*, uint16_t)':
../src/i2c.cpp:104:53: error: 'readBytes' was not declared in this scope
  return readBytes(devAddr, regAddr, 1, data, timeout);
                                                     ^
../src/i2c.cpp: At global scope:
../src/i2c.cpp:114:8: error: 'I2Cdev' has not been declared
 int8_t I2Cdev::readWord(uint8_t devAddr, uint8_t regAddr, uint16_t *data, uint16_t timeout) {
        ^~~~~~
../src/i2c.cpp: In function 'int8_t readWord(uint8_t, uint8_t, uint16_t*, uint16_t)':
../src/i2c.cpp:115:53: error: 'readWords' was not declared in this scope
  return readWords(devAddr, regAddr, 1, data, timeout);
                                                     ^
../src/i2c.cpp: At global scope:
../src/i2c.cpp:126:8: error: 'I2Cdev' has not been declared
 int8_t I2Cdev::readBytes(uint8_t devAddr, uint8_t regAddr, uint8_t length, uint8_t *data, uint16_t timeout) {
        ^~~~~~
../src/i2c.cpp: In function 'int8_t readBytes(uint8_t, uint8_t, uint8_t, uint8_t*, uint16_t)':
../src/i2c.cpp:138:23: error: 'millis' was not declared in this scope
  uint32_t t1 = millis();
                       ^
../src/i2c.cpp:148:51: error: 'BUFFER_LENGTH' was not declared in this scope
  for (uint8_t k = 0; k < length; k += min(length, BUFFER_LENGTH)) {
                                                   ^~~~~~~~~~~~~
../src/i2c.cpp:148:64: error: 'min' was not declared in this scope
  for (uint8_t k = 0; k < length; k += min(length, BUFFER_LENGTH)) {
                                                                ^
../src/i2c.cpp:149:3: error: 'Wire' was not declared in this scope
   Wire.beginTransmission(devAddr);
   ^~~~
../src/i2c.cpp: At global scope:
../src/i2c.cpp:259:8: error: 'I2Cdev' has not been declared
 int8_t I2Cdev::readWords(uint8_t devAddr, uint8_t regAddr, uint8_t length, uint16_t *data, uint16_t timeout) {
        ^~~~~~
../src/i2c.cpp: In function 'int8_t readWords(uint8_t, uint8_t, uint8_t, uint16_t*, uint16_t)':
../src/i2c.cpp:271:23: error: 'millis' was not declared in this scope
  uint32_t t1 = millis();
                       ^
../src/i2c.cpp:281:59: error: 'BUFFER_LENGTH' was not declared in this scope
  for (uint8_t k = 0; k < length * 2; k += min(length * 2, BUFFER_LENGTH)) {
                                                           ^~~~~~~~~~~~~
../src/i2c.cpp:281:72: error: 'min' was not declared in this scope
  for (uint8_t k = 0; k < length * 2; k += min(length * 2, BUFFER_LENGTH)) {
                                                                        ^
../src/i2c.cpp:282:3: error: 'Wire' was not declared in this scope
   Wire.beginTransmission(devAddr);
   ^~~~
../src/i2c.cpp: At global scope:
../src/i2c.cpp:427:6: error: 'I2Cdev' has not been declared
 bool I2Cdev::writeBit(uint8_t devAddr, uint8_t regAddr, uint8_t bitNum, uint8_t data) {
      ^~~~~~
../src/i2c.cpp: In function 'bool writeBit(uint8_t, uint8_t, uint8_t, uint8_t)':
../src/i2c.cpp:429:31: error: too few arguments to function 'int8_t readByte(uint8_t, uint8_t, uint8_t*, uint16_t)'
  readByte(devAddr, regAddr, &b);
                               ^
../src/i2c.cpp:103:8: note: declared here
 int8_t I2Cdev::readByte(uint8_t devAddr, uint8_t regAddr, uint8_t *data, uint16_t timeout) {
        ^~~~~~
../src/i2c.cpp:431:38: error: 'writeByte' was not declared in this scope
  return writeByte(devAddr, regAddr, b);
                                      ^
../src/i2c.cpp: At global scope:
../src/i2c.cpp:441:6: error: 'I2Cdev' has not been declared
 bool I2Cdev::writeBitW(uint8_t devAddr, uint8_t regAddr, uint8_t bitNum, uint16_t data) {
      ^~~~~~
../src/i2c.cpp: In function 'bool writeBitW(uint8_t, uint8_t, uint8_t, uint16_t)':
../src/i2c.cpp:443:31: error: too few arguments to function 'int8_t readWord(uint8_t, uint8_t, uint16_t*, uint16_t)'
  readWord(devAddr, regAddr, &w);
                               ^
../src/i2c.cpp:114:8: note: declared here
 int8_t I2Cdev::readWord(uint8_t devAddr, uint8_t regAddr, uint16_t *data, uint16_t timeout) {
        ^~~~~~
../src/i2c.cpp:445:38: error: 'writeWord' was not declared in this scope
  return writeWord(devAddr, regAddr, w);
                                      ^
../src/i2c.cpp: At global scope:
../src/i2c.cpp:456:6: error: 'I2Cdev' has not been declared
 bool I2Cdev::writeBits(uint8_t devAddr, uint8_t regAddr, uint8_t bitStart, uint8_t length, uint8_t data) {
      ^~~~~~
../src/i2c.cpp: In function 'bool writeBits(uint8_t, uint8_t, uint8_t, uint8_t, uint8_t)':
../src/i2c.cpp:465:35: error: too few arguments to function 'int8_t readByte(uint8_t, uint8_t, uint8_t*, uint16_t)'
  if (readByte(devAddr, regAddr, &b) != 0) {
                                   ^
../src/i2c.cpp:103:8: note: declared here
 int8_t I2Cdev::readByte(uint8_t devAddr, uint8_t regAddr, uint8_t *data, uint16_t timeout) {
        ^~~~~~
../src/i2c.cpp:471:39: error: 'writeByte' was not declared in this scope
   return writeByte(devAddr, regAddr, b);
                                       ^
../src/i2c.cpp: At global scope:
../src/i2c.cpp:486:6: error: 'I2Cdev' has not been declared
 bool I2Cdev::writeBitsW(uint8_t devAddr, uint8_t regAddr, uint8_t bitStart, uint8_t length, uint16_t data) {
      ^~~~~~
../src/i2c.cpp: In function 'bool writeBitsW(uint8_t, uint8_t, uint8_t, uint8_t, uint16_t)':
../src/i2c.cpp:495:35: error: too few arguments to function 'int8_t readWord(uint8_t, uint8_t, uint16_t*, uint16_t)'
  if (readWord(devAddr, regAddr, &w) != 0) {
                                   ^
../src/i2c.cpp:114:8: note: declared here
 int8_t I2Cdev::readWord(uint8_t devAddr, uint8_t regAddr, uint16_t *data, uint16_t timeout) {
        ^~~~~~
../src/i2c.cpp:501:39: error: 'writeWord' was not declared in this scope
   return writeWord(devAddr, regAddr, w);
                                       ^
../src/i2c.cpp: At global scope:
../src/i2c.cpp:514:6: error: 'I2Cdev' has not been declared
 bool I2Cdev::writeByte(uint8_t devAddr, uint8_t regAddr, uint8_t data) {
      ^~~~~~
../src/i2c.cpp: In function 'bool writeByte(uint8_t, uint8_t, uint8_t)':
../src/i2c.cpp:515:46: error: 'writeBytes' was not declared in this scope
  return writeBytes(devAddr, regAddr, 1, &data);
                                              ^
../src/i2c.cpp: At global scope:
../src/i2c.cpp:524:6: error: 'I2Cdev' has not been declared
 bool I2Cdev::writeWord(uint8_t devAddr, uint8_t regAddr, uint16_t data) {
      ^~~~~~
../src/i2c.cpp: In function 'bool writeWord(uint8_t, uint8_t, uint16_t)':
../src/i2c.cpp:525:46: error: 'writeWords' was not declared in this scope
  return writeWords(devAddr, regAddr, 1, &data);
                                              ^
../src/i2c.cpp: At global scope:
../src/i2c.cpp:535:6: error: 'I2Cdev' has not been declared
 bool I2Cdev::writeBytes(uint8_t devAddr, uint8_t regAddr, uint8_t length, uint8_t* data) {
      ^~~~~~
../src/i2c.cpp: In function 'bool writeBytes(uint8_t, uint8_t, uint8_t, uint8_t*)':
../src/i2c.cpp:547:2: error: 'Wire' was not declared in this scope
  Wire.beginTransmission(devAddr);
  ^~~~
../src/i2c.cpp: At global scope:
../src/i2c.cpp:587:6: error: 'I2Cdev' has not been declared
 bool I2Cdev::writeWords(uint8_t devAddr, uint8_t regAddr, uint8_t length, uint16_t* data) {
      ^~~~~~
../src/i2c.cpp: In function 'bool writeWords(uint8_t, uint8_t, uint8_t, uint16_t*)':
../src/i2c.cpp:599:2: error: 'Wire' was not declared in this scope
  Wire.beginTransmission(devAddr);
  ^~~~
../src/i2c.cpp: At global scope:
../src/i2c.cpp:638:10: error: 'I2Cdev' has not been declared
 uint16_t I2Cdev::readTimeout = I2CDEV_DEFAULT_READ_TIMEOUT;
          ^~~~~~
../src/i2c.cpp:638:32: error: 'I2CDEV_DEFAULT_READ_TIMEOUT' was not declared in this scope
 uint16_t I2Cdev::readTimeout = I2CDEV_DEFAULT_READ_TIMEOUT;
                                ^~~~~~~~~~~~~~~~~~~~~~~~~~~
make: *** [src/i2c.o] Error 1
14:11:07 **** Auto Build of configuration Debug for project baca_i2c ****
make all 
'Building file: ../src/i2c.cpp'
'Invoking: MicroBlaze g++ compiler'
mb-g++ -Wall -O0 -g3 -c -fmessage-length=0 -MT"src/i2c.o" -I../../baca_i2c_bsp/microblaze_0/include -mlittle-endian -mcpu=v10.0 -mxl-soft-mul -Wl,--no-relax -ffunction-sections -fdata-sections -MMD -MP -MF"src/i2c.d" -MT"src/i2c.o" -o "src/i2c.o" "../src/i2c.cpp"
../src/i2c.cpp:23:8: error: prototype for 'int8_t I2Cdev::readBit(uint8_t, uint8_t, uint8_t, uint8_t*, uint16_t)' does not match any in class 'I2Cdev'
 int8_t I2Cdev::readBit(uint8_t devAddr, uint8_t regAddr, uint8_t bitNum, uint8_t *data, uint16_t timeout) {
        ^~~~~~
In file included from ../src/i2c.cpp:8:0:
../src/i2c.h:21:16: error: candidate is: static int8_t I2Cdev::readBit(uint8_t, uint8_t, uint8_t, uint8_t*)
  static int8_t readBit(uint8_t devAddr, uint8_t regAddr, uint8_t bitNum, uint8_t *data);
                ^~~~~~~
../src/i2c.cpp:38:8: error: prototype for 'int8_t I2Cdev::readBitW(uint8_t, uint8_t, uint8_t, uint16_t*, uint16_t)' does not match any in class 'I2Cdev'
 int8_t I2Cdev::readBitW(uint8_t devAddr, uint8_t regAddr, uint8_t bitNum, uint16_t *data, uint16_t timeout) {
        ^~~~~~
In file included from ../src/i2c.cpp:8:0:
../src/i2c.h:22:16: error: candidate is: static int8_t I2Cdev::readBitW(uint8_t, uint8_t, uint8_t, uint16_t*)
  static int8_t readBitW(uint8_t devAddr, uint8_t regAddr, uint8_t bitNum, uint16_t *data);
                ^~~~~~~~
../src/i2c.cpp:54:8: error: prototype for 'int8_t I2Cdev::readBits(uint8_t, uint8_t, uint8_t, uint8_t, uint8_t*, uint16_t)' does not match any in class 'I2Cdev'
 int8_t I2Cdev::readBits(uint8_t devAddr, uint8_t regAddr, uint8_t bitStart, uint8_t length, uint8_t *data, uint16_t timeout) {
        ^~~~~~
In file included from ../src/i2c.cpp:8:0:
../src/i2c.h:23:16: error: candidate is: static int8_t I2Cdev::readBits(uint8_t, uint8_t, uint8_t, uint8_t, uint8_t*)
  static int8_t readBits(uint8_t devAddr, uint8_t regAddr, uint8_t bitStart, uint8_t length, uint8_t *data);
                ^~~~~~~~
../src/i2c.cpp:79:8: error: prototype for 'int8_t I2Cdev::readBitsW(uint8_t, uint8_t, uint8_t, uint8_t, uint16_t*, uint16_t)' does not match any in class 'I2Cdev'
 int8_t I2Cdev::readBitsW(uint8_t devAddr, uint8_t regAddr, uint8_t bitStart, uint8_t length, uint16_t *data, uint16_t timeout) {
        ^~~~~~
In file included from ../src/i2c.cpp:8:0:
../src/i2c.h:24:16: error: candidate is: static int8_t I2Cdev::readBitsW(uint8_t, uint8_t, uint8_t, uint8_t, uint16_t*)
  static int8_t readBitsW(uint8_t devAddr, uint8_t regAddr, uint8_t bitStart, uint8_t length, uint16_t *data);
                ^~~~~~~~~
../src/i2c.cpp:103:8: error: prototype for 'int8_t I2Cdev::readByte(uint8_t, uint8_t, uint8_t*, uint16_t)' does not match any in class 'I2Cdev'
 int8_t I2Cdev::readByte(uint8_t devAddr, uint8_t regAddr, uint8_t *data, uint16_t timeout) {
        ^~~~~~
In file included from ../src/i2c.cpp:8:0:
../src/i2c.h:25:16: error: candidate is: static int8_t I2Cdev::readByte(uint8_t, uint8_t, uint8_t*)
  static int8_t readByte(uint8_t devAddr, uint8_t regAddr, uint8_t *data);
                ^~~~~~~~
../src/i2c.cpp:114:8: error: prototype for 'int8_t I2Cdev::readWord(uint8_t, uint8_t, uint16_t*, uint16_t)' does not match any in class 'I2Cdev'
 int8_t I2Cdev::readWord(uint8_t devAddr, uint8_t regAddr, uint16_t *data, uint16_t timeout) {
        ^~~~~~
In file included from ../src/i2c.cpp:8:0:
../src/i2c.h:26:16: error: candidate is: static int8_t I2Cdev::readWord(uint8_t, uint8_t, uint16_t*)
  static int8_t readWord(uint8_t devAddr, uint8_t regAddr, uint16_t *data);
                ^~~~~~~~
../src/i2c.cpp:126:8: error: prototype for 'int8_t I2Cdev::readBytes(uint8_t, uint8_t, uint8_t, uint8_t*, uint16_t)' does not match any in class 'I2Cdev'
 int8_t I2Cdev::readBytes(uint8_t devAddr, uint8_t regAddr, uint8_t length, uint8_t *data, uint16_t timeout) {
        ^~~~~~
In file included from ../src/i2c.cpp:8:0:
../src/i2c.h:27:16: error: candidate is: static int8_t I2Cdev::readBytes(uint8_t, uint8_t, uint8_t, uint8_t*)
  static int8_t readBytes(uint8_t devAddr, uint8_t regAddr, uint8_t length, uint8_t *data);
                ^~~~~~~~~
../src/i2c.cpp:259:8: error: prototype for 'int8_t I2Cdev::readWords(uint8_t, uint8_t, uint8_t, uint16_t*, uint16_t)' does not match any in class 'I2Cdev'
 int8_t I2Cdev::readWords(uint8_t devAddr, uint8_t regAddr, uint8_t length, uint16_t *data, uint16_t timeout) {
        ^~~~~~
In file included from ../src/i2c.cpp:8:0:
../src/i2c.h:28:16: error: candidate is: static int8_t I2Cdev::readWords(uint8_t, uint8_t, uint8_t, uint16_t*)
  static int8_t readWords(uint8_t devAddr, uint8_t regAddr, uint8_t length, uint16_t *data);
                ^~~~~~~~~
../src/i2c.cpp: In static member function 'static bool I2Cdev::writeBytes(uint8_t, uint8_t, uint8_t, uint8_t*)':
../src/i2c.cpp:547:2: error: 'Wire' was not declared in this scope
  Wire.beginTransmission(devAddr);
  ^~~~
../src/i2c.cpp: In static member function 'static bool I2Cdev::writeWords(uint8_t, uint8_t, uint8_t, uint16_t*)':
../src/i2c.cpp:599:2: error: 'Wire' was not declared in this scope
  Wire.beginTransmission(devAddr);
  ^~~~
../src/i2c.cpp: At global scope:
../src/i2c.cpp:638:32: error: 'I2CDEV_DEFAULT_READ_TIMEOUT' was not declared in this scope
 uint16_t I2Cdev::readTimeout = I2CDEV_DEFAULT_READ_TIMEOUT;
                                ^~~~~~~~~~~~~~~~~~~~~~~~~~~
../src/i2c.cpp:640:1: error: 'i2c' does not name a type
 i2c::~i2c() {
 ^~~
make: *** [src/i2c.o] Error 1
14:14:01 **** Auto Build of configuration Debug for project baca_i2c ****
make all 
'Building file: ../src/i2c.cpp'
'Invoking: MicroBlaze g++ compiler'
mb-g++ -Wall -O0 -g3 -c -fmessage-length=0 -MT"src/i2c.o" -I../../baca_i2c_bsp/microblaze_0/include -mlittle-endian -mcpu=v10.0 -mxl-soft-mul -Wl,--no-relax -ffunction-sections -fdata-sections -MMD -MP -MF"src/i2c.d" -MT"src/i2c.o" -o "src/i2c.o" "../src/i2c.cpp"
../src/i2c.cpp:23:8: error: prototype for 'int8_t I2Cdev::readBit(uint8_t, uint8_t, uint8_t, uint8_t*, uint16_t)' does not match any in class 'I2Cdev'
 int8_t I2Cdev::readBit(uint8_t devAddr, uint8_t regAddr, uint8_t bitNum, uint8_t *data, uint16_t timeout) {
        ^~~~~~
In file included from ../src/i2c.cpp:8:0:
../src/i2c.h:21:13: error: candidate is: static int I2Cdev::readBit(uint8_t, uint8_t, uint8_t, uint8_t*)
  static int readBit(uint8_t devAddr, uint8_t regAddr, uint8_t bitNum, uint8_t *data);
             ^~~~~~~
../src/i2c.cpp:38:8: error: prototype for 'int8_t I2Cdev::readBitW(uint8_t, uint8_t, uint8_t, uint16_t*, uint16_t)' does not match any in class 'I2Cdev'
 int8_t I2Cdev::readBitW(uint8_t devAddr, uint8_t regAddr, uint8_t bitNum, uint16_t *data, uint16_t timeout) {
        ^~~~~~
In file included from ../src/i2c.cpp:8:0:
../src/i2c.h:22:16: error: candidate is: static int8_t I2Cdev::readBitW(uint8_t, uint8_t, uint8_t, uint16_t*)
  static int8_t readBitW(uint8_t devAddr, uint8_t regAddr, uint8_t bitNum, uint16_t *data);
                ^~~~~~~~
../src/i2c.cpp:54:8: error: prototype for 'int8_t I2Cdev::readBits(uint8_t, uint8_t, uint8_t, uint8_t, uint8_t*, uint16_t)' does not match any in class 'I2Cdev'
 int8_t I2Cdev::readBits(uint8_t devAddr, uint8_t regAddr, uint8_t bitStart, uint8_t length, uint8_t *data, uint16_t timeout) {
        ^~~~~~
In file included from ../src/i2c.cpp:8:0:
../src/i2c.h:23:16: error: candidate is: static int8_t I2Cdev::readBits(uint8_t, uint8_t, uint8_t, uint8_t, uint8_t*)
  static int8_t readBits(uint8_t devAddr, uint8_t regAddr, uint8_t bitStart, uint8_t length, uint8_t *data);
                ^~~~~~~~
../src/i2c.cpp:79:8: error: prototype for 'int8_t I2Cdev::readBitsW(uint8_t, uint8_t, uint8_t, uint8_t, uint16_t*, uint16_t)' does not match any in class 'I2Cdev'
 int8_t I2Cdev::readBitsW(uint8_t devAddr, uint8_t regAddr, uint8_t bitStart, uint8_t length, uint16_t *data, uint16_t timeout) {
        ^~~~~~
In file included from ../src/i2c.cpp:8:0:
../src/i2c.h:24:16: error: candidate is: static int8_t I2Cdev::readBitsW(uint8_t, uint8_t, uint8_t, uint8_t, uint16_t*)
  static int8_t readBitsW(uint8_t devAddr, uint8_t regAddr, uint8_t bitStart, uint8_t length, uint16_t *data);
                ^~~~~~~~~
../src/i2c.cpp:103:8: error: prototype for 'int8_t I2Cdev::readByte(uint8_t, uint8_t, uint8_t*, uint16_t)' does not match any in class 'I2Cdev'
 int8_t I2Cdev::readByte(uint8_t devAddr, uint8_t regAddr, uint8_t *data, uint16_t timeout) {
        ^~~~~~
In file included from ../src/i2c.cpp:8:0:
../src/i2c.h:25:16: error: candidate is: static int8_t I2Cdev::readByte(uint8_t, uint8_t, uint8_t*)
  static int8_t readByte(uint8_t devAddr, uint8_t regAddr, uint8_t *data);
                ^~~~~~~~
../src/i2c.cpp:114:8: error: prototype for 'int8_t I2Cdev::readWord(uint8_t, uint8_t, uint16_t*, uint16_t)' does not match any in class 'I2Cdev'
 int8_t I2Cdev::readWord(uint8_t devAddr, uint8_t regAddr, uint16_t *data, uint16_t timeout) {
        ^~~~~~
In file included from ../src/i2c.cpp:8:0:
../src/i2c.h:26:16: error: candidate is: static int8_t I2Cdev::readWord(uint8_t, uint8_t, uint16_t*)
  static int8_t readWord(uint8_t devAddr, uint8_t regAddr, uint16_t *data);
                ^~~~~~~~
../src/i2c.cpp:126:8: error: prototype for 'int8_t I2Cdev::readBytes(uint8_t, uint8_t, uint8_t, uint8_t*, uint16_t)' does not match any in class 'I2Cdev'
 int8_t I2Cdev::readBytes(uint8_t devAddr, uint8_t regAddr, uint8_t length, uint8_t *data, uint16_t timeout) {
        ^~~~~~
In file included from ../src/i2c.cpp:8:0:
../src/i2c.h:27:16: error: candidate is: static int8_t I2Cdev::readBytes(uint8_t, uint8_t, uint8_t, uint8_t*)
  static int8_t readBytes(uint8_t devAddr, uint8_t regAddr, uint8_t length, uint8_t *data);
                ^~~~~~~~~
../src/i2c.cpp:259:8: error: prototype for 'int8_t I2Cdev::readWords(uint8_t, uint8_t, uint8_t, uint16_t*, uint16_t)' does not match any in class 'I2Cdev'
 int8_t I2Cdev::readWords(uint8_t devAddr, uint8_t regAddr, uint8_t length, uint16_t *data, uint16_t timeout) {
        ^~~~~~
In file included from ../src/i2c.cpp:8:0:
../src/i2c.h:28:16: error: candidate is: static int8_t I2Cdev::readWords(uint8_t, uint8_t, uint8_t, uint16_t*)
  static int8_t readWords(uint8_t devAddr, uint8_t regAddr, uint8_t length, uint16_t *data);
                ^~~~~~~~~
../src/i2c.cpp: In static member function 'static bool I2Cdev::writeBytes(uint8_t, uint8_t, uint8_t, uint8_t*)':
../src/i2c.cpp:547:2: error: 'Wire' was not declared in this scope
  Wire.beginTransmission(devAddr);
  ^~~~
../src/i2c.cpp: In static member function 'static bool I2Cdev::writeWords(uint8_t, uint8_t, uint8_t, uint16_t*)':
../src/i2c.cpp:599:2: error: 'Wire' was not declared in this scope
  Wire.beginTransmission(devAddr);
  ^~~~
../src/i2c.cpp: At global scope:
../src/i2c.cpp:638:32: error: 'I2CDEV_DEFAULT_READ_TIMEOUT' was not declared in this scope
 uint16_t I2Cdev::readTimeout = I2CDEV_DEFAULT_READ_TIMEOUT;
                                ^~~~~~~~~~~~~~~~~~~~~~~~~~~
../src/i2c.cpp:640:1: error: 'i2c' does not name a type
 i2c::~i2c() {
 ^~~
make: *** [src/i2c.o] Error 1
14:14:09 **** Auto Build of configuration Debug for project baca_i2c ****
make all 
'Building file: ../src/i2c.cpp'
'Invoking: MicroBlaze g++ compiler'
mb-g++ -Wall -O0 -g3 -c -fmessage-length=0 -MT"src/i2c.o" -I../../baca_i2c_bsp/microblaze_0/include -mlittle-endian -mcpu=v10.0 -mxl-soft-mul -Wl,--no-relax -ffunction-sections -fdata-sections -MMD -MP -MF"src/i2c.d" -MT"src/i2c.o" -o "src/i2c.o" "../src/i2c.cpp"
../src/i2c.cpp:23:8: error: prototype for 'int8_t I2Cdev::readBit(uint8_t, uint8_t, uint8_t, uint8_t*, uint16_t)' does not match any in class 'I2Cdev'
 int8_t I2Cdev::readBit(uint8_t devAddr, uint8_t regAddr, uint8_t bitNum, uint8_t *data, uint16_t timeout) {
        ^~~~~~
In file included from ../src/i2c.cpp:8:0:
../src/i2c.h:21:16: error: candidate is: static int8_t I2Cdev::readBit(uint8_t, uint8_t, uint8_t, uint8_t*)
  static int8_t readBit(uint8_t devAddr, uint8_t regAddr, uint8_t bitNum, uint8_t *data);
                ^~~~~~~
../src/i2c.cpp:38:8: error: prototype for 'int8_t I2Cdev::readBitW(uint8_t, uint8_t, uint8_t, uint16_t*, uint16_t)' does not match any in class 'I2Cdev'
 int8_t I2Cdev::readBitW(uint8_t devAddr, uint8_t regAddr, uint8_t bitNum, uint16_t *data, uint16_t timeout) {
        ^~~~~~
In file included from ../src/i2c.cpp:8:0:
../src/i2c.h:22:16: error: candidate is: static int8_t I2Cdev::readBitW(uint8_t, uint8_t, uint8_t, uint16_t*)
  static int8_t readBitW(uint8_t devAddr, uint8_t regAddr, uint8_t bitNum, uint16_t *data);
                ^~~~~~~~
../src/i2c.cpp:54:8: error: prototype for 'int8_t I2Cdev::readBits(uint8_t, uint8_t, uint8_t, uint8_t, uint8_t*, uint16_t)' does not match any in class 'I2Cdev'
 int8_t I2Cdev::readBits(uint8_t devAddr, uint8_t regAddr, uint8_t bitStart, uint8_t length, uint8_t *data, uint16_t timeout) {
        ^~~~~~
In file included from ../src/i2c.cpp:8:0:
../src/i2c.h:23:16: error: candidate is: static int8_t I2Cdev::readBits(uint8_t, uint8_t, uint8_t, uint8_t, uint8_t*)
  static int8_t readBits(uint8_t devAddr, uint8_t regAddr, uint8_t bitStart, uint8_t length, uint8_t *data);
                ^~~~~~~~
../src/i2c.cpp:79:8: error: prototype for 'int8_t I2Cdev::readBitsW(uint8_t, uint8_t, uint8_t, uint8_t, uint16_t*, uint16_t)' does not match any in class 'I2Cdev'
 int8_t I2Cdev::readBitsW(uint8_t devAddr, uint8_t regAddr, uint8_t bitStart, uint8_t length, uint16_t *data, uint16_t timeout) {
        ^~~~~~
In file included from ../src/i2c.cpp:8:0:
../src/i2c.h:24:16: error: candidate is: static int8_t I2Cdev::readBitsW(uint8_t, uint8_t, uint8_t, uint8_t, uint16_t*)
  static int8_t readBitsW(uint8_t devAddr, uint8_t regAddr, uint8_t bitStart, uint8_t length, uint16_t *data);
                ^~~~~~~~~
../src/i2c.cpp:103:8: error: prototype for 'int8_t I2Cdev::readByte(uint8_t, uint8_t, uint8_t*, uint16_t)' does not match any in class 'I2Cdev'
 int8_t I2Cdev::readByte(uint8_t devAddr, uint8_t regAddr, uint8_t *data, uint16_t timeout) {
        ^~~~~~
In file included from ../src/i2c.cpp:8:0:
../src/i2c.h:25:16: error: candidate is: static int8_t I2Cdev::readByte(uint8_t, uint8_t, uint8_t*)
  static int8_t readByte(uint8_t devAddr, uint8_t regAddr, uint8_t *data);
                ^~~~~~~~
../src/i2c.cpp:114:8: error: prototype for 'int8_t I2Cdev::readWord(uint8_t, uint8_t, uint16_t*, uint16_t)' does not match any in class 'I2Cdev'
 int8_t I2Cdev::readWord(uint8_t devAddr, uint8_t regAddr, uint16_t *data, uint16_t timeout) {
        ^~~~~~
In file included from ../src/i2c.cpp:8:0:
../src/i2c.h:26:16: error: candidate is: static int8_t I2Cdev::readWord(uint8_t, uint8_t, uint16_t*)
  static int8_t readWord(uint8_t devAddr, uint8_t regAddr, uint16_t *data);
                ^~~~~~~~
../src/i2c.cpp:126:8: error: prototype for 'int8_t I2Cdev::readBytes(uint8_t, uint8_t, uint8_t, uint8_t*, uint16_t)' does not match any in class 'I2Cdev'
 int8_t I2Cdev::readBytes(uint8_t devAddr, uint8_t regAddr, uint8_t length, uint8_t *data, uint16_t timeout) {
        ^~~~~~
In file included from ../src/i2c.cpp:8:0:
../src/i2c.h:27:16: error: candidate is: static int8_t I2Cdev::readBytes(uint8_t, uint8_t, uint8_t, uint8_t*)
  static int8_t readBytes(uint8_t devAddr, uint8_t regAddr, uint8_t length, uint8_t *data);
                ^~~~~~~~~
../src/i2c.cpp:259:8: error: prototype for 'int8_t I2Cdev::readWords(uint8_t, uint8_t, uint8_t, uint16_t*, uint16_t)' does not match any in class 'I2Cdev'
 int8_t I2Cdev::readWords(uint8_t devAddr, uint8_t regAddr, uint8_t length, uint16_t *data, uint16_t timeout) {
        ^~~~~~
In file included from ../src/i2c.cpp:8:0:
../src/i2c.h:28:16: error: candidate is: static int8_t I2Cdev::readWords(uint8_t, uint8_t, uint8_t, uint16_t*)
  static int8_t readWords(uint8_t devAddr, uint8_t regAddr, uint8_t length, uint16_t *data);
                ^~~~~~~~~
../src/i2c.cpp: In static member function 'static bool I2Cdev::writeBytes(uint8_t, uint8_t, uint8_t, uint8_t*)':
../src/i2c.cpp:547:2: error: 'Wire' was not declared in this scope
  Wire.beginTransmission(devAddr);
  ^~~~
../src/i2c.cpp: In static member function 'static bool I2Cdev::writeWords(uint8_t, uint8_t, uint8_t, uint16_t*)':
../src/i2c.cpp:599:2: error: 'Wire' was not declared in this scope
  Wire.beginTransmission(devAddr);
  ^~~~
../src/i2c.cpp: At global scope:
../src/i2c.cpp:638:32: error: 'I2CDEV_DEFAULT_READ_TIMEOUT' was not declared in this scope
 uint16_t I2Cdev::readTimeout = I2CDEV_DEFAULT_READ_TIMEOUT;
                                ^~~~~~~~~~~~~~~~~~~~~~~~~~~
../src/i2c.cpp:640:1: error: 'i2c' does not name a type
 i2c::~i2c() {
 ^~~
make: *** [src/i2c.o] Error 1
14:15:35 **** Auto Build of configuration Debug for project baca_i2c ****
make all 
'Building file: ../src/i2c.cpp'
'Invoking: MicroBlaze g++ compiler'
mb-g++ -Wall -O0 -g3 -c -fmessage-length=0 -MT"src/i2c.o" -I../../baca_i2c_bsp/microblaze_0/include -mlittle-endian -mcpu=v10.0 -mxl-soft-mul -Wl,--no-relax -ffunction-sections -fdata-sections -MMD -MP -MF"src/i2c.d" -MT"src/i2c.o" -o "src/i2c.o" "../src/i2c.cpp"
../src/i2c.cpp:23:8: error: prototype for 'int8_t I2Cdev::readBit(uint8_t, uint8_t, uint8_t, uint8_t*, uint16_t)' does not match any in class 'I2Cdev'
 int8_t I2Cdev::readBit(uint8_t devAddr, uint8_t regAddr, uint8_t bitNum, uint8_t *data, uint16_t timeout) {
        ^~~~~~
In file included from ../src/i2c.cpp:8:0:
../src/i2c.h:21:16: error: candidate is: static int8_t I2Cdev::readBit(uint8_t, uint8_t, uint8_t, uint8_t*)
  static int8_t readBit(uint8_t devAddr, uint8_t regAddr, uint8_t bitNum, uint8_t *data);
                ^~~~~~~
../src/i2c.cpp:38:8: error: prototype for 'int8_t I2Cdev::readBitW(uint8_t, uint8_t, uint8_t, uint16_t*, uint16_t)' does not match any in class 'I2Cdev'
 int8_t I2Cdev::readBitW(uint8_t devAddr, uint8_t regAddr, uint8_t bitNum, uint16_t *data, uint16_t timeout) {
        ^~~~~~
In file included from ../src/i2c.cpp:8:0:
../src/i2c.h:22:16: error: candidate is: static int8_t I2Cdev::readBitW(uint8_t, uint8_t, uint8_t, uint16_t*)
  static int8_t readBitW(uint8_t devAddr, uint8_t regAddr, uint8_t bitNum, uint16_t *data);
                ^~~~~~~~
../src/i2c.cpp:54:8: error: prototype for 'int8_t I2Cdev::readBits(uint8_t, uint8_t, uint8_t, uint8_t, uint8_t*, uint16_t)' does not match any in class 'I2Cdev'
 int8_t I2Cdev::readBits(uint8_t devAddr, uint8_t regAddr, uint8_t bitStart, uint8_t length, uint8_t *data, uint16_t timeout) {
        ^~~~~~
In file included from ../src/i2c.cpp:8:0:
../src/i2c.h:23:16: error: candidate is: static int8_t I2Cdev::readBits(uint8_t, uint8_t, uint8_t, uint8_t, uint8_t*)
  static int8_t readBits(uint8_t devAddr, uint8_t regAddr, uint8_t bitStart, uint8_t length, uint8_t *data);
                ^~~~~~~~
../src/i2c.cpp:79:8: error: prototype for 'int8_t I2Cdev::readBitsW(uint8_t, uint8_t, uint8_t, uint8_t, uint16_t*, uint16_t)' does not match any in class 'I2Cdev'
 int8_t I2Cdev::readBitsW(uint8_t devAddr, uint8_t regAddr, uint8_t bitStart, uint8_t length, uint16_t *data, uint16_t timeout) {
        ^~~~~~
In file included from ../src/i2c.cpp:8:0:
../src/i2c.h:24:16: error: candidate is: static int8_t I2Cdev::readBitsW(uint8_t, uint8_t, uint8_t, uint8_t, uint16_t*)
  static int8_t readBitsW(uint8_t devAddr, uint8_t regAddr, uint8_t bitStart, uint8_t length, uint16_t *data);
                ^~~~~~~~~
../src/i2c.cpp:103:8: error: prototype for 'int8_t I2Cdev::readByte(uint8_t, uint8_t, uint8_t*, uint16_t)' does not match any in class 'I2Cdev'
 int8_t I2Cdev::readByte(uint8_t devAddr, uint8_t regAddr, uint8_t *data, uint16_t timeout) {
        ^~~~~~
In file included from ../src/i2c.cpp:8:0:
../src/i2c.h:25:16: error: candidate is: static int8_t I2Cdev::readByte(uint8_t, uint8_t, uint8_t*)
  static int8_t readByte(uint8_t devAddr, uint8_t regAddr, uint8_t *data);
                ^~~~~~~~
../src/i2c.cpp:114:8: error: prototype for 'int8_t I2Cdev::readWord(uint8_t, uint8_t, uint16_t*, uint16_t)' does not match any in class 'I2Cdev'
 int8_t I2Cdev::readWord(uint8_t devAddr, uint8_t regAddr, uint16_t *data, uint16_t timeout) {
        ^~~~~~
In file included from ../src/i2c.cpp:8:0:
../src/i2c.h:26:16: error: candidate is: static int8_t I2Cdev::readWord(uint8_t, uint8_t, uint16_t*)
  static int8_t readWord(uint8_t devAddr, uint8_t regAddr, uint16_t *data);
                ^~~~~~~~
../src/i2c.cpp:126:8: error: prototype for 'int8_t I2Cdev::readBytes(uint8_t, uint8_t, uint8_t, uint8_t*, uint16_t)' does not match any in class 'I2Cdev'
 int8_t I2Cdev::readBytes(uint8_t devAddr, uint8_t regAddr, uint8_t length, uint8_t *data, uint16_t timeout) {
        ^~~~~~
In file included from ../src/i2c.cpp:8:0:
../src/i2c.h:27:16: error: candidate is: static int8_t I2Cdev::readBytes(uint8_t, uint8_t, uint8_t, uint8_t*)
  static int8_t readBytes(uint8_t devAddr, uint8_t regAddr, uint8_t length, uint8_t *data);
                ^~~~~~~~~
../src/i2c.cpp:259:8: error: prototype for 'int8_t I2Cdev::readWords(uint8_t, uint8_t, uint8_t, uint16_t*, uint16_t)' does not match any in class 'I2Cdev'
 int8_t I2Cdev::readWords(uint8_t devAddr, uint8_t regAddr, uint8_t length, uint16_t *data, uint16_t timeout) {
        ^~~~~~
In file included from ../src/i2c.cpp:8:0:
../src/i2c.h:28:16: error: candidate is: static int8_t I2Cdev::readWords(uint8_t, uint8_t, uint8_t, uint16_t*)
  static int8_t readWords(uint8_t devAddr, uint8_t regAddr, uint8_t length, uint16_t *data);
                ^~~~~~~~~
../src/i2c.cpp: In static member function 'static bool I2Cdev::writeBytes(uint8_t, uint8_t, uint8_t, uint8_t*)':
../src/i2c.cpp:547:2: error: 'Wire' was not declared in this scope
  Wire.beginTransmission(devAddr);
  ^~~~
../src/i2c.cpp: In static member function 'static bool I2Cdev::writeWords(uint8_t, uint8_t, uint8_t, uint16_t*)':
../src/i2c.cpp:599:2: error: 'Wire' was not declared in this scope
  Wire.beginTransmission(devAddr);
  ^~~~
../src/i2c.cpp: At global scope:
../src/i2c.cpp:638:32: error: 'I2CDEV_DEFAULT_READ_TIMEOUT' was not declared in this scope
 uint16_t I2Cdev::readTimeout = I2CDEV_DEFAULT_READ_TIMEOUT;
                                ^~~~~~~~~~~~~~~~~~~~~~~~~~~
../src/i2c.cpp:640:1: error: 'i2c' does not name a type
 i2c::~i2c() {
 ^~~
make: *** [src/i2c.o] Error 1
14:15:42 **** Auto Build of configuration Debug for project baca_i2c ****
make all 
'Building file: ../src/i2c.cpp'
'Invoking: MicroBlaze g++ compiler'
mb-g++ -Wall -O0 -g3 -c -fmessage-length=0 -MT"src/i2c.o" -I../../baca_i2c_bsp/microblaze_0/include -mlittle-endian -mcpu=v10.0 -mxl-soft-mul -Wl,--no-relax -ffunction-sections -fdata-sections -MMD -MP -MF"src/i2c.d" -MT"src/i2c.o" -o "src/i2c.o" "../src/i2c.cpp"
../src/i2c.cpp:23:8: error: prototype for 'int8_t I2Cdev::readBit(uint8_t, uint8_t, uint8_t, uint8_t*, uint16_t)' does not match any in class 'I2Cdev'
 int8_t I2Cdev::readBit(uint8_t devAddr, uint8_t regAddr, uint8_t bitNum, uint8_t *data, uint16_t timeout) {
        ^~~~~~
In file included from ../src/i2c.cpp:8:0:
../src/i2c.h:21:16: error: candidate is: static int8_t I2Cdev::readBit(uint8_t, uint8_t, uint8_t, uint8_t*)
  static int8_t readBit(uint8_t devAddr, uint8_t regAddr, uint8_t bitNum, uint8_t *data);
                ^~~~~~~
../src/i2c.cpp:38:8: error: prototype for 'int8_t I2Cdev::readBitW(uint8_t, uint8_t, uint8_t, uint16_t*, uint16_t)' does not match any in class 'I2Cdev'
 int8_t I2Cdev::readBitW(uint8_t devAddr, uint8_t regAddr, uint8_t bitNum, uint16_t *data, uint16_t timeout) {
        ^~~~~~
In file included from ../src/i2c.cpp:8:0:
../src/i2c.h:22:16: error: candidate is: static int8_t I2Cdev::readBitW(uint8_t, uint8_t, uint8_t, uint16_t*)
  static int8_t readBitW(uint8_t devAddr, uint8_t regAddr, uint8_t bitNum, uint16_t *data);
                ^~~~~~~~
../src/i2c.cpp:54:8: error: prototype for 'int8_t I2Cdev::readBits(uint8_t, uint8_t, uint8_t, uint8_t, uint8_t*, uint16_t)' does not match any in class 'I2Cdev'
 int8_t I2Cdev::readBits(uint8_t devAddr, uint8_t regAddr, uint8_t bitStart, uint8_t length, uint8_t *data, uint16_t timeout) {
        ^~~~~~
In file included from ../src/i2c.cpp:8:0:
../src/i2c.h:23:16: error: candidate is: static int8_t I2Cdev::readBits(uint8_t, uint8_t, uint8_t, uint8_t, uint8_t*)
  static int8_t readBits(uint8_t devAddr, uint8_t regAddr, uint8_t bitStart, uint8_t length, uint8_t *data);
                ^~~~~~~~
../src/i2c.cpp:79:8: error: prototype for 'int8_t I2Cdev::readBitsW(uint8_t, uint8_t, uint8_t, uint8_t, uint16_t*, uint16_t)' does not match any in class 'I2Cdev'
 int8_t I2Cdev::readBitsW(uint8_t devAddr, uint8_t regAddr, uint8_t bitStart, uint8_t length, uint16_t *data, uint16_t timeout) {
        ^~~~~~
In file included from ../src/i2c.cpp:8:0:
../src/i2c.h:24:16: error: candidate is: static int8_t I2Cdev::readBitsW(uint8_t, uint8_t, uint8_t, uint8_t, uint16_t*)
  static int8_t readBitsW(uint8_t devAddr, uint8_t regAddr, uint8_t bitStart, uint8_t length, uint16_t *data);
                ^~~~~~~~~
../src/i2c.cpp:103:8: error: prototype for 'int8_t I2Cdev::readByte(uint8_t, uint8_t, uint8_t*, uint16_t)' does not match any in class 'I2Cdev'
 int8_t I2Cdev::readByte(uint8_t devAddr, uint8_t regAddr, uint8_t *data, uint16_t timeout) {
        ^~~~~~
In file included from ../src/i2c.cpp:8:0:
../src/i2c.h:25:16: error: candidate is: static int8_t I2Cdev::readByte(uint8_t, uint8_t, uint8_t*)
  static int8_t readByte(uint8_t devAddr, uint8_t regAddr, uint8_t *data);
                ^~~~~~~~
../src/i2c.cpp:114:8: error: prototype for 'int8_t I2Cdev::readWord(uint8_t, uint8_t, uint16_t*, uint16_t)' does not match any in class 'I2Cdev'
 int8_t I2Cdev::readWord(uint8_t devAddr, uint8_t regAddr, uint16_t *data, uint16_t timeout) {
        ^~~~~~
In file included from ../src/i2c.cpp:8:0:
../src/i2c.h:26:16: error: candidate is: static int8_t I2Cdev::readWord(uint8_t, uint8_t, uint16_t*)
  static int8_t readWord(uint8_t devAddr, uint8_t regAddr, uint16_t *data);
                ^~~~~~~~
../src/i2c.cpp:126:8: error: prototype for 'int8_t I2Cdev::readBytes(uint8_t, uint8_t, uint8_t, uint8_t*, uint16_t)' does not match any in class 'I2Cdev'
 int8_t I2Cdev::readBytes(uint8_t devAddr, uint8_t regAddr, uint8_t length, uint8_t *data, uint16_t timeout) {
        ^~~~~~
In file included from ../src/i2c.cpp:8:0:
../src/i2c.h:27:16: error: candidate is: static int8_t I2Cdev::readBytes(uint8_t, uint8_t, uint8_t, uint8_t*)
  static int8_t readBytes(uint8_t devAddr, uint8_t regAddr, uint8_t length, uint8_t *data);
                ^~~~~~~~~
../src/i2c.cpp:259:8: error: prototype for 'int8_t I2Cdev::readWords(uint8_t, uint8_t, uint8_t, uint16_t*, uint16_t)' does not match any in class 'I2Cdev'
 int8_t I2Cdev::readWords(uint8_t devAddr, uint8_t regAddr, uint8_t length, uint16_t *data, uint16_t timeout) {
        ^~~~~~
In file included from ../src/i2c.cpp:8:0:
../src/i2c.h:28:16: error: candidate is: static int8_t I2Cdev::readWords(uint8_t, uint8_t, uint8_t, uint16_t*)
  static int8_t readWords(uint8_t devAddr, uint8_t regAddr, uint8_t length, uint16_t *data);
                ^~~~~~~~~
../src/i2c.cpp: In static member function 'static bool I2Cdev::writeBytes(uint8_t, uint8_t, uint8_t, uint8_t*)':
../src/i2c.cpp:547:2: error: 'Wire' was not declared in this scope
  Wire.beginTransmission(devAddr);
  ^~~~
../src/i2c.cpp: In static member function 'static bool I2Cdev::writeWords(uint8_t, uint8_t, uint8_t, uint16_t*)':
../src/i2c.cpp:599:2: error: 'Wire' was not declared in this scope
  Wire.beginTransmission(devAddr);
  ^~~~
../src/i2c.cpp: At global scope:
../src/i2c.cpp:638:32: error: 'I2CDEV_DEFAULT_READ_TIMEOUT' was not declared in this scope
 uint16_t I2Cdev::readTimeout = I2CDEV_DEFAULT_READ_TIMEOUT;
                                ^~~~~~~~~~~~~~~~~~~~~~~~~~~
make: *** [src/i2c.o] Error 1
14:16:26 **** Auto Build of configuration Debug for project baca_i2c ****
make all 
'Building file: ../src/i2c.cpp'
'Invoking: MicroBlaze g++ compiler'
mb-g++ -Wall -O0 -g3 -c -fmessage-length=0 -MT"src/i2c.o" -I../../baca_i2c_bsp/microblaze_0/include -mlittle-endian -mcpu=v10.0 -mxl-soft-mul -Wl,--no-relax -ffunction-sections -fdata-sections -MMD -MP -MF"src/i2c.d" -MT"src/i2c.o" -o "src/i2c.o" "../src/i2c.cpp"
../src/i2c.cpp:23:8: error: prototype for 'int8_t I2Cdev::readBit(uint8_t, uint8_t, uint8_t, uint8_t*, uint16_t)' does not match any in class 'I2Cdev'
 int8_t I2Cdev::readBit(uint8_t devAddr, uint8_t regAddr, uint8_t bitNum, uint8_t *data, uint16_t timeout) {
        ^~~~~~
In file included from ../src/i2c.cpp:8:0:
../src/i2c.h:21:16: error: candidate is: static int8_t I2Cdev::readBit(uint8_t, uint8_t, uint8_t, uint8_t*)
  static int8_t readBit(uint8_t devAddr, uint8_t regAddr, uint8_t bitNum, uint8_t *data);
                ^~~~~~~
../src/i2c.cpp:38:8: error: prototype for 'int8_t I2Cdev::readBitW(uint8_t, uint8_t, uint8_t, uint16_t*, uint16_t)' does not match any in class 'I2Cdev'
 int8_t I2Cdev::readBitW(uint8_t devAddr, uint8_t regAddr, uint8_t bitNum, uint16_t *data, uint16_t timeout) {
        ^~~~~~
In file included from ../src/i2c.cpp:8:0:
../src/i2c.h:22:16: error: candidate is: static int8_t I2Cdev::readBitW(uint8_t, uint8_t, uint8_t, uint16_t*)
  static int8_t readBitW(uint8_t devAddr, uint8_t regAddr, uint8_t bitNum, uint16_t *data);
                ^~~~~~~~
../src/i2c.cpp:54:8: error: prototype for 'int8_t I2Cdev::readBits(uint8_t, uint8_t, uint8_t, uint8_t, uint8_t*, uint16_t)' does not match any in class 'I2Cdev'
 int8_t I2Cdev::readBits(uint8_t devAddr, uint8_t regAddr, uint8_t bitStart, uint8_t length, uint8_t *data, uint16_t timeout) {
        ^~~~~~
In file included from ../src/i2c.cpp:8:0:
../src/i2c.h:23:16: error: candidate is: static int8_t I2Cdev::readBits(uint8_t, uint8_t, uint8_t, uint8_t, uint8_t*)
  static int8_t readBits(uint8_t devAddr, uint8_t regAddr, uint8_t bitStart, uint8_t length, uint8_t *data);
                ^~~~~~~~
../src/i2c.cpp:79:8: error: prototype for 'int8_t I2Cdev::readBitsW(uint8_t, uint8_t, uint8_t, uint8_t, uint16_t*, uint16_t)' does not match any in class 'I2Cdev'
 int8_t I2Cdev::readBitsW(uint8_t devAddr, uint8_t regAddr, uint8_t bitStart, uint8_t length, uint16_t *data, uint16_t timeout) {
        ^~~~~~
In file included from ../src/i2c.cpp:8:0:
../src/i2c.h:24:16: error: candidate is: static int8_t I2Cdev::readBitsW(uint8_t, uint8_t, uint8_t, uint8_t, uint16_t*)
  static int8_t readBitsW(uint8_t devAddr, uint8_t regAddr, uint8_t bitStart, uint8_t length, uint16_t *data);
                ^~~~~~~~~
../src/i2c.cpp:103:8: error: prototype for 'int8_t I2Cdev::readByte(uint8_t, uint8_t, uint8_t*, uint16_t)' does not match any in class 'I2Cdev'
 int8_t I2Cdev::readByte(uint8_t devAddr, uint8_t regAddr, uint8_t *data, uint16_t timeout) {
        ^~~~~~
In file included from ../src/i2c.cpp:8:0:
../src/i2c.h:25:16: error: candidate is: static int8_t I2Cdev::readByte(uint8_t, uint8_t, uint8_t*)
  static int8_t readByte(uint8_t devAddr, uint8_t regAddr, uint8_t *data);
                ^~~~~~~~
../src/i2c.cpp:114:8: error: prototype for 'int8_t I2Cdev::readWord(uint8_t, uint8_t, uint16_t*, uint16_t)' does not match any in class 'I2Cdev'
 int8_t I2Cdev::readWord(uint8_t devAddr, uint8_t regAddr, uint16_t *data, uint16_t timeout) {
        ^~~~~~
In file included from ../src/i2c.cpp:8:0:
../src/i2c.h:26:16: error: candidate is: static int8_t I2Cdev::readWord(uint8_t, uint8_t, uint16_t*)
  static int8_t readWord(uint8_t devAddr, uint8_t regAddr, uint16_t *data);
                ^~~~~~~~
../src/i2c.cpp:126:8: error: prototype for 'int8_t I2Cdev::readBytes(uint8_t, uint8_t, uint8_t, uint8_t*, uint16_t)' does not match any in class 'I2Cdev'
 int8_t I2Cdev::readBytes(uint8_t devAddr, uint8_t regAddr, uint8_t length, uint8_t *data, uint16_t timeout) {
        ^~~~~~
In file included from ../src/i2c.cpp:8:0:
../src/i2c.h:27:16: error: candidate is: static int8_t I2Cdev::readBytes(uint8_t, uint8_t, uint8_t, uint8_t*)
  static int8_t readBytes(uint8_t devAddr, uint8_t regAddr, uint8_t length, uint8_t *data);
                ^~~~~~~~~
../src/i2c.cpp:259:8: error: prototype for 'int8_t I2Cdev::readWords(uint8_t, uint8_t, uint8_t, uint16_t*, uint16_t)' does not match any in class 'I2Cdev'
 int8_t I2Cdev::readWords(uint8_t devAddr, uint8_t regAddr, uint8_t length, uint16_t *data, uint16_t timeout) {
        ^~~~~~
In file included from ../src/i2c.cpp:8:0:
../src/i2c.h:28:13: error: candidate is: static int I2Cdev::readWords(uint8_t, uint8_t, uint8_t, uint16_t*)
  static int readWords(uint8_t devAddr, uint8_t regAddr, uint8_t length, uint16_t *data);
             ^~~~~~~~~
../src/i2c.cpp: In static member function 'static bool I2Cdev::writeBytes(uint8_t, uint8_t, uint8_t, uint8_t*)':
../src/i2c.cpp:547:2: error: 'Wire' was not declared in this scope
  Wire.beginTransmission(devAddr);
  ^~~~
../src/i2c.cpp: In static member function 'static bool I2Cdev::writeWords(uint8_t, uint8_t, uint8_t, uint16_t*)':
../src/i2c.cpp:599:2: error: 'Wire' was not declared in this scope
  Wire.beginTransmission(devAddr);
  ^~~~
../src/i2c.cpp: At global scope:
../src/i2c.cpp:638:32: error: 'I2CDEV_DEFAULT_READ_TIMEOUT' was not declared in this scope
 uint16_t I2Cdev::readTimeout = I2CDEV_DEFAULT_READ_TIMEOUT;
                                ^~~~~~~~~~~~~~~~~~~~~~~~~~~
make: *** [src/i2c.o] Error 1
14:21:04 **** Auto Build of configuration Debug for project baca_i2c ****
make all 
'Building file: ../src/i2c.cpp'
'Invoking: MicroBlaze g++ compiler'
mb-g++ -Wall -O0 -g3 -c -fmessage-length=0 -MT"src/i2c.o" -I../../baca_i2c_bsp/microblaze_0/include -mlittle-endian -mcpu=v10.0 -mxl-soft-mul -Wl,--no-relax -ffunction-sections -fdata-sections -MMD -MP -MF"src/i2c.d" -MT"src/i2c.o" -o "src/i2c.o" "../src/i2c.cpp"
../src/i2c.cpp:23:8: error: prototype for 'int8_t I2Cdev::readBit(uint8_t, uint8_t, uint8_t, uint8_t*, uint16_t)' does not match any in class 'I2Cdev'
 int8_t I2Cdev::readBit(uint8_t devAddr, uint8_t regAddr, uint8_t bitNum, uint8_t *data, uint16_t timeout) {
        ^~~~~~
In file included from ../src/i2c.cpp:8:0:
../src/i2c.h:21:16: error: candidate is: static int8_t I2Cdev::readBit(u8, u8, u8, u8*)
  static int8_t readBit(u8 devAddr, u8 regAddr, u8 bitNum, u8 *data);
                ^~~~~~~
../src/i2c.cpp:38:8: error: prototype for 'int8_t I2Cdev::readBitW(uint8_t, uint8_t, uint8_t, uint16_t*, uint16_t)' does not match any in class 'I2Cdev'
 int8_t I2Cdev::readBitW(uint8_t devAddr, uint8_t regAddr, uint8_t bitNum, uint16_t *data, uint16_t timeout) {
        ^~~~~~
In file included from ../src/i2c.cpp:8:0:
../src/i2c.h:22:16: error: candidate is: static int8_t I2Cdev::readBitW(u8, u8, u8, uint16_t*)
  static int8_t readBitW(u8 devAddr, u8 regAddr, u8 bitNum, uint16_t *data);
                ^~~~~~~~
../src/i2c.cpp:54:8: error: prototype for 'int8_t I2Cdev::readBits(uint8_t, uint8_t, uint8_t, uint8_t, uint8_t*, uint16_t)' does not match any in class 'I2Cdev'
 int8_t I2Cdev::readBits(uint8_t devAddr, uint8_t regAddr, uint8_t bitStart, uint8_t length, uint8_t *data, uint16_t timeout) {
        ^~~~~~
In file included from ../src/i2c.cpp:8:0:
../src/i2c.h:23:16: error: candidate is: static int8_t I2Cdev::readBits(u8, u8, u8, u8, u8*)
  static int8_t readBits(u8 devAddr, u8 regAddr, u8 bitStart, u8 length, u8 *data);
                ^~~~~~~~
../src/i2c.cpp:79:8: error: prototype for 'int8_t I2Cdev::readBitsW(uint8_t, uint8_t, uint8_t, uint8_t, uint16_t*, uint16_t)' does not match any in class 'I2Cdev'
 int8_t I2Cdev::readBitsW(uint8_t devAddr, uint8_t regAddr, uint8_t bitStart, uint8_t length, uint16_t *data, uint16_t timeout) {
        ^~~~~~
In file included from ../src/i2c.cpp:8:0:
../src/i2c.h:24:16: error: candidate is: static int8_t I2Cdev::readBitsW(u8, u8, u8, u8, uint16_t*)
  static int8_t readBitsW(u8 devAddr, u8 regAddr, u8 bitStart, u8 length, uint16_t *data);
                ^~~~~~~~~
../src/i2c.cpp:103:8: error: prototype for 'int8_t I2Cdev::readByte(uint8_t, uint8_t, uint8_t*, uint16_t)' does not match any in class 'I2Cdev'
 int8_t I2Cdev::readByte(uint8_t devAddr, uint8_t regAddr, uint8_t *data, uint16_t timeout) {
        ^~~~~~
In file included from ../src/i2c.cpp:8:0:
../src/i2c.h:25:16: error: candidate is: static int8_t I2Cdev::readByte(u8, u8, u8*)
  static int8_t readByte(u8 devAddr, u8 regAddr, u8 *data);
                ^~~~~~~~
../src/i2c.cpp:114:8: error: prototype for 'int8_t I2Cdev::readWord(uint8_t, uint8_t, uint16_t*, uint16_t)' does not match any in class 'I2Cdev'
 int8_t I2Cdev::readWord(uint8_t devAddr, uint8_t regAddr, uint16_t *data, uint16_t timeout) {
        ^~~~~~
In file included from ../src/i2c.cpp:8:0:
../src/i2c.h:26:16: error: candidate is: static int8_t I2Cdev::readWord(u8, u8, uint16_t*)
  static int8_t readWord(u8 devAddr, u8 regAddr, uint16_t *data);
                ^~~~~~~~
../src/i2c.cpp:126:8: error: prototype for 'int8_t I2Cdev::readBytes(uint8_t, uint8_t, uint8_t, uint8_t*, uint16_t)' does not match any in class 'I2Cdev'
 int8_t I2Cdev::readBytes(uint8_t devAddr, uint8_t regAddr, uint8_t length, uint8_t *data, uint16_t timeout) {
        ^~~~~~
In file included from ../src/i2c.cpp:8:0:
../src/i2c.h:27:16: error: candidate is: static int8_t I2Cdev::readBytes(u8, u8, u8, u8*)
  static int8_t readBytes(u8 devAddr, u8 regAddr, u8 length, u8 *data);
                ^~~~~~~~~
../src/i2c.cpp:259:8: error: prototype for 'int8_t I2Cdev::readWords(uint8_t, uint8_t, uint8_t, uint16_t*, uint16_t)' does not match any in class 'I2Cdev'
 int8_t I2Cdev::readWords(uint8_t devAddr, uint8_t regAddr, uint8_t length, uint16_t *data, uint16_t timeout) {
[...]
../src/i2c.cpp:93:22: error: invalid use of member function 'void I2Cdev::SendHandler(XIic*)' (did you forget the '()' ?)
       (XIic_Handler) SendHandler);
                      ^~~~~~~~~~~
../src/i2c.cpp:95:22: error: invalid use of member function 'void I2Cdev::ReceiveHandler(XIic*)' (did you forget the '()' ?)
       (XIic_Handler) ReceiveHandler);
                      ^~~~~~~~~~~~~~
../src/i2c.cpp:56:9: warning: unused variable 'InterruptController' [-Wunused-variable]
   XIntc InterruptController; /* The instance of the Interrupt Controller */
         ^~~~~~~~~~~~~~~~~~~
../src/i2c.cpp:22:5: warning: unused variable 'Index' [-Wunused-variable]
  u8 Index;
     ^~~~~
../src/i2c.cpp: In static member function 'static int I2Cdev::readBits(u8, u8, u8, u8, u8*)':
../src/i2c.cpp:160:1: warning: no return statement in function returning non-void [-Wreturn-type]
 }
 ^
../src/i2c.cpp: In static member function 'static int I2Cdev::readBytes(u8, u8, u8, u8*)':
../src/i2c.cpp:261:1: warning: no return statement in function returning non-void [-Wreturn-type]
 }
 ^
../src/i2c.cpp: In static member function 'static int I2Cdev::readWords(u8, u8, u8, uint16_t*)':
../src/i2c.cpp:273:1: warning: no return statement in function returning non-void [-Wreturn-type]
 }
 ^
../src/i2c.cpp: In static member function 'static bool I2Cdev::writeBytes(u8, u8, u8, u8*)':
../src/i2c.cpp:392:1: warning: no return statement in function returning non-void [-Wreturn-type]
 }
 ^
../src/i2c.cpp: In static member function 'static bool I2Cdev::writeWords(u8, u8, u8, uint16_t*)':
../src/i2c.cpp:403:1: warning: no return statement in function returning non-void [-Wreturn-type]
 }
 ^
../src/i2c.cpp: In member function 'int I2Cdev::init(int, int)':
../src/i2c.cpp:106:1: warning: control reaches end of non-void function [-Wreturn-type]
 }
 ^
make: *** [src/i2c.o] Error 1
02:26:25 **** Auto Build of configuration Debug for project baca_i2c ****
make all 
'Building file: ../src/i2c.cpp'
'Invoking: MicroBlaze g++ compiler'
mb-g++ -Wall -O0 -g3 -c -fmessage-length=0 -MT"src/i2c.o" -I../../baca_i2c_bsp/microblaze_0/include -mlittle-endian -mcpu=v10.0 -mxl-soft-mul -Wl,--no-relax -ffunction-sections -fdata-sections -MMD -MP -MF"src/i2c.d" -MT"src/i2c.o" -o "src/i2c.o" "../src/i2c.cpp"
../src/i2c.cpp: In member function 'int I2Cdev::init(int, int)':
../src/i2c.cpp:54:22: warning: suggest parentheses around assignment used as truth value [-Wparentheses]
  else if (address = 0) {
                      ^
../src/i2c.cpp:56:9: warning: unused variable 'InterruptController' [-Wunused-variable]
   XIntc InterruptController; /* The instance of the Interrupt Controller */
         ^~~~~~~~~~~~~~~~~~~
../src/i2c.cpp:22:5: warning: unused variable 'Index' [-Wunused-variable]
  u8 Index;
     ^~~~~
../src/i2c.cpp: In static member function 'static int I2Cdev::readBits(u8, u8, u8, u8, u8*)':
../src/i2c.cpp:160:1: warning: no return statement in function returning non-void [-Wreturn-type]
 }
 ^
../src/i2c.cpp: In static member function 'static int I2Cdev::readBytes(u8, u8, u8, u8*)':
../src/i2c.cpp:261:1: warning: no return statement in function returning non-void [-Wreturn-type]
 }
 ^
../src/i2c.cpp: In static member function 'static int I2Cdev::readWords(u8, u8, u8, uint16_t*)':
../src/i2c.cpp:273:1: warning: no return statement in function returning non-void [-Wreturn-type]
 }
 ^
../src/i2c.cpp: In static member function 'static bool I2Cdev::writeBytes(u8, u8, u8, u8*)':
../src/i2c.cpp:392:1: warning: no return statement in function returning non-void [-Wreturn-type]
 }
 ^
../src/i2c.cpp: In static member function 'static bool I2Cdev::writeWords(u8, u8, u8, uint16_t*)':
../src/i2c.cpp:403:1: warning: no return statement in function returning non-void [-Wreturn-type]
 }
 ^
../src/i2c.cpp: In member function 'int I2Cdev::init(int, int)':
../src/i2c.cpp:106:1: warning: control reaches end of non-void function [-Wreturn-type]
 }
 ^
'Finished building: ../src/i2c.cpp'
' '
'Building file: ../src/main.cc'
'Invoking: MicroBlaze g++ compiler'
mb-g++ -Wall -O0 -g3 -c -fmessage-length=0 -MT"src/main.o" -I../../baca_i2c_bsp/microblaze_0/include -mlittle-endian -mcpu=v10.0 -mxl-soft-mul -Wl,--no-relax -ffunction-sections -fdata-sections -MMD -MP -MF"src/main.d" -MT"src/main.o" -o "src/main.o" "../src/main.cc"
'Finished building: ../src/main.cc'
' '
'Building target: baca_i2c.elf'
'Invoking: MicroBlaze g++ linker'
mb-g++ -Wl,-T -Wl,../src/lscript.ld -L../../baca_i2c_bsp/microblaze_0/lib -mlittle-endian -mcpu=v10.0 -mxl-soft-mul -Wl,--no-relax -Wl,--gc-sections -o "baca_i2c.elf"  ./src/i2c.o ./src/main.o   -Wl,--start-group,-lxil,-lgcc,-lc,-lstdc++,--end-group
./src/main.o:(.bss.IicInstance+0x0): multiple definition of `IicInstance'
./src/i2c.o:(.bss.IicInstance+0x0): first defined here
./src/main.o: In function `Xil_Out32':
B:\Sekerepsih\Baca-I2C\Baca\baca_i2c\Debug/../src/main.cc:268: multiple definition of `InterruptController'
./src/i2c.o:B:\Sekerepsih\Baca-I2C\Baca\baca_i2c\Debug/../src/i2c.cpp:16: first defined here
collect2.exe: error: ld returned 1 exit status
make: *** [baca_i2c.elf] Error 1
02:27:07 **** Auto Build of configuration Debug for project baca_i2c ****
make all 
'Building file: ../src/main.cc'
'Invoking: MicroBlaze g++ compiler'
mb-g++ -Wall -O0 -g3 -c -fmessage-length=0 -MT"src/main.o" -I../../baca_i2c_bsp/microblaze_0/include -mlittle-endian -mcpu=v10.0 -mxl-soft-mul -Wl,--no-relax -ffunction-sections -fdata-sections -MMD -MP -MF"src/main.d" -MT"src/main.o" -o "src/main.o" "../src/main.cc"
'Finished building: ../src/main.cc'
' '
'Building target: baca_i2c.elf'
'Invoking: MicroBlaze g++ linker'
mb-g++ -Wl,-T -Wl,../src/lscript.ld -L../../baca_i2c_bsp/microblaze_0/lib -mlittle-endian -mcpu=v10.0 -mxl-soft-mul -Wl,--no-relax -Wl,--gc-sections -o "baca_i2c.elf"  ./src/i2c.o ./src/main.o   -Wl,--start-group,-lxil,-lgcc,-lc,-lstdc++,--end-group
c:/xilinx/sdk/2017.1/gnu/microblaze/nt/bin/../lib/gcc/microblaze-xilinx-elf/6.2.0/../../../../microblaze-xilinx-elf/lib/le/crtinit.o: In function `_crtinit':
(.text+0x78): undefined reference to `main'
collect2.exe: error: ld returned 1 exit status
make: *** [baca_i2c.elf] Error 1
02:27:17 **** Auto Build of configuration Debug for project baca_i2c ****
make all 
'Building file: ../src/main.cc'
'Invoking: MicroBlaze g++ compiler'
mb-g++ -Wall -O0 -g3 -c -fmessage-length=0 -MT"src/main.o" -I../../baca_i2c_bsp/microblaze_0/include -mlittle-endian -mcpu=v10.0 -mxl-soft-mul -Wl,--no-relax -ffunction-sections -fdata-sections -MMD -MP -MF"src/main.d" -MT"src/main.o" -o "src/main.o" "../src/main.cc"
'Finished building: ../src/main.cc'
' '
'Building target: baca_i2c.elf'
'Invoking: MicroBlaze g++ linker'
mb-g++ -Wl,-T -Wl,../src/lscript.ld -L../../baca_i2c_bsp/microblaze_0/lib -mlittle-endian -mcpu=v10.0 -mxl-soft-mul -Wl,--no-relax -Wl,--gc-sections -o "baca_i2c.elf"  ./src/i2c.o ./src/main.o   -Wl,--start-group,-lxil,-lgcc,-lc,-lstdc++,--end-group
'Finished building target: baca_i2c.elf'
' '
'Invoking: MicroBlaze Print Size'
mb-size baca_i2c.elf  |tee "baca_i2c.elf.size"
   text	   data	    bss	    dec	    hex	filename
  11428	   1356	   3176	  15960	   3e58	baca_i2c.elf
'Finished building: baca_i2c.elf.size'
' '
02:30:02 **** Auto Build of configuration Debug for project baca_i2c ****
make all 
'Building file: ../src/i2c.cpp'
'Invoking: MicroBlaze g++ compiler'
mb-g++ -Wall -O0 -g3 -c -fmessage-length=0 -MT"src/i2c.o" -I../../baca_i2c_bsp/microblaze_0/include -mlittle-endian -mcpu=v10.0 -mxl-soft-mul -Wl,--no-relax -ffunction-sections -fdata-sections -MMD -MP -MF"src/i2c.d" -MT"src/i2c.o" -o "src/i2c.o" "../src/i2c.cpp"
../src/i2c.cpp: In member function 'int I2Cdev::init(int, int)':
../src/i2c.cpp:54:22: warning: suggest parentheses around assignment used as truth value [-Wparentheses]
  else if (address = 0) {
                      ^
../src/i2c.cpp:56:9: warning: unused variable 'InterruptController' [-Wunused-variable]
   XIntc InterruptController; /* The instance of the Interrupt Controller */
         ^~~~~~~~~~~~~~~~~~~
../src/i2c.cpp:22:5: warning: unused variable 'Index' [-Wunused-variable]
  u8 Index;
     ^~~~~
../src/i2c.cpp: In static member function 'static int I2Cdev::readBits(u8, u8, u8, u8, u8*)':
../src/i2c.cpp:160:1: warning: no return statement in function returning non-void [-Wreturn-type]
 }
 ^
../src/i2c.cpp: In static member function 'static int I2Cdev::readBytes(u8, u8, u8, u8*)':
../src/i2c.cpp:261:1: warning: no return statement in function returning non-void [-Wreturn-type]
 }
 ^
../src/i2c.cpp: In static member function 'static int I2Cdev::readWords(u8, u8, u8, uint16_t*)':
../src/i2c.cpp:273:1: warning: no return statement in function returning non-void [-Wreturn-type]
 }
 ^
../src/i2c.cpp: In static member function 'static bool I2Cdev::writeBytes(u8, u8, u8, u8*)':
../src/i2c.cpp:392:1: warning: no return statement in function returning non-void [-Wreturn-type]
 }
 ^
../src/i2c.cpp: In static member function 'static bool I2Cdev::writeWords(u8, u8, u8, uint16_t*)':
../src/i2c.cpp:403:1: warning: no return statement in function returning non-void [-Wreturn-type]
 }
 ^
../src/i2c.cpp: In member function 'int I2Cdev::init(int, int)':
../src/i2c.cpp:106:1: warning: control reaches end of non-void function [-Wreturn-type]
 }
 ^
'Finished building: ../src/i2c.cpp'
' '
'Building target: baca_i2c.elf'
'Invoking: MicroBlaze g++ linker'
mb-g++ -Wl,-T -Wl,../src/lscript.ld -L../../baca_i2c_bsp/microblaze_0/lib -mlittle-endian -mcpu=v10.0 -mxl-soft-mul -Wl,--no-relax -Wl,--gc-sections -o "baca_i2c.elf"  ./src/i2c.o ./src/main.o   -Wl,--start-group,-lxil,-lgcc,-lc,-lstdc++,--end-group
'Finished building target: baca_i2c.elf'
' '
'Invoking: MicroBlaze Print Size'
mb-size baca_i2c.elf  |tee "baca_i2c.elf.size"
   text	   data	    bss	    dec	    hex	filename
  11428	   1356	   3176	  15960	   3e58	baca_i2c.elf
'Finished building: baca_i2c.elf.size'
' '
02:30:12 **** Auto Build of configuration Debug for project baca_i2c ****
make all 
'Building file: ../src/i2c.cpp'
'Invoking: MicroBlaze g++ compiler'
mb-g++ -Wall -O0 -g3 -c -fmessage-length=0 -MT"src/i2c.o" -I../../baca_i2c_bsp/microblaze_0/include -mlittle-endian -mcpu=v10.0 -mxl-soft-mul -Wl,--no-relax -ffunction-sections -fdata-sections -MMD -MP -MF"src/i2c.d" -MT"src/i2c.o" -o "src/i2c.o" "../src/i2c.cpp"
../src/i2c.cpp: In member function 'int I2Cdev::init(int, int)':
../src/i2c.cpp:54:22: warning: suggest parentheses around assignment used as truth value [-Wparentheses]
  else if (address = 0) {
                      ^
../src/i2c.cpp:91:30: error: invalid use of member function 'void I2Cdev::StatusHandler(XIic*, int)' (did you forget the '()' ?)
         (XIic_StatusHandler) StatusHandler);
                              ^~~~~~~~~~~~~
../src/i2c.cpp:93:22: error: invalid use of member function 'void I2Cdev::SendHandler(XIic*)' (did you forget the '()' ?)
       (XIic_Handler) SendHandler);
                      ^~~~~~~~~~~
../src/i2c.cpp:95:22: error: invalid use of member function 'void I2Cdev::ReceiveHandler(XIic*)' (did you forget the '()' ?)
       (XIic_Handler) ReceiveHandler);
                      ^~~~~~~~~~~~~~
../src/i2c.cpp:22:5: warning: unused variable 'Index' [-Wunused-variable]
  u8 Index;
     ^~~~~
../src/i2c.cpp: In static member function 'static int I2Cdev::readBits(u8, u8, u8, u8, u8*)':
../src/i2c.cpp:160:1: warning: no return statement in function returning non-void [-Wreturn-type]
 }
 ^
../src/i2c.cpp: In static member function 'static int I2Cdev::readBytes(u8, u8, u8, u8*)':
../src/i2c.cpp:261:1: warning: no return statement in function returning non-void [-Wreturn-type]
 }
 ^
../src/i2c.cpp: In static member function 'static int I2Cdev::readWords(u8, u8, u8, uint16_t*)':
../src/i2c.cpp:273:1: warning: no return statement in function returning non-void [-Wreturn-type]
 }
 ^
../src/i2c.cpp: In static member function 'static bool I2Cdev::writeBytes(u8, u8, u8, u8*)':
../src/i2c.cpp:392:1: warning: no return statement in function returning non-void [-Wreturn-type]
 }
 ^
../src/i2c.cpp: In static member function 'static bool I2Cdev::writeWords(u8, u8, u8, uint16_t*)':
../src/i2c.cpp:403:1: warning: no return statement in function returning non-void [-Wreturn-type]
 }
 ^
../src/i2c.cpp: In member function 'int I2Cdev::init(int, int)':
../src/i2c.cpp:106:1: warning: control reaches end of non-void function [-Wreturn-type]
 }
 ^
make: *** [src/i2c.o] Error 1
02:31:26 **** Auto Build of configuration Debug for project baca_i2c ****
make all 
'Building file: ../src/i2c.cpp'
'Invoking: MicroBlaze g++ compiler'
mb-g++ -Wall -O0 -g3 -c -fmessage-length=0 -MT"src/i2c.o" -I../../baca_i2c_bsp/microblaze_0/include -mlittle-endian -mcpu=v10.0 -mxl-soft-mul -Wl,--no-relax -ffunction-sections -fdata-sections -MMD -MP -MF"src/i2c.d" -MT"src/i2c.o" -o "src/i2c.o" "../src/i2c.cpp"
../src/i2c.cpp: In member function 'int I2Cdev::init(int, int)':
../src/i2c.cpp:54:22: warning: suggest parentheses around assignment used as truth value [-Wparentheses]
  else if (address = 0) {
                      ^
../src/i2c.cpp:91:30: error: invalid use of member function 'void I2Cdev::StatusHandler(XIic*, int)' (did you forget the '()' ?)
         (XIic_StatusHandler) StatusHandler);
                              ^~~~~~~~~~~~~
../src/i2c.cpp:93:22: error: invalid use of member function 'void I2Cdev::SendHandler(XIic*)' (did you forget the '()' ?)
       (XIic_Handler) SendHandler);
                      ^~~~~~~~~~~
../src/i2c.cpp:95:22: error: invalid use of member function 'void I2Cdev::ReceiveHandler(XIic*)' (did you forget the '()' ?)
       (XIic_Handler) ReceiveHandler);
                      ^~~~~~~~~~~~~~
../src/i2c.cpp:22:5: warning: unused variable 'Index' [-Wunused-variable]
  u8 Index;
     ^~~~~
../src/i2c.cpp: In static member function 'static int I2Cdev::readBits(u8, u8, u8, u8, u8*)':
../src/i2c.cpp:160:1: warning: no return statement in function returning non-void [-Wreturn-type]
 }
 ^
../src/i2c.cpp: In static member function 'static int I2Cdev::readBytes(u8, u8, u8, u8*)':
../src/i2c.cpp:261:1: warning: no return statement in function returning non-void [-Wreturn-type]
 }
 ^
../src/i2c.cpp: In static member function 'static int I2Cdev::readWords(u8, u8, u8, uint16_t*)':
../src/i2c.cpp:273:1: warning: no return statement in function returning non-void [-Wreturn-type]
 }
 ^
../src/i2c.cpp: In static member function 'static bool I2Cdev::writeBytes(u8, u8, u8, u8*)':
../src/i2c.cpp:392:1: warning: no return statement in function returning non-void [-Wreturn-type]
 }
 ^
../src/i2c.cpp: In static member function 'static bool I2Cdev::writeWords(u8, u8, u8, uint16_t*)':
../src/i2c.cpp:403:1: warning: no return statement in function returning non-void [-Wreturn-type]
 }
 ^
../src/i2c.cpp: In member function 'int I2Cdev::init(int, int)':
../src/i2c.cpp:106:1: warning: control reaches end of non-void function [-Wreturn-type]
 }
 ^
make: *** [src/i2c.o] Error 1
02:32:02 **** Auto Build of configuration Debug for project baca_i2c ****
make all 
'Building file: ../src/i2c.cpp'
'Invoking: MicroBlaze g++ compiler'
mb-g++ -Wall -O0 -g3 -c -fmessage-length=0 -MT"src/i2c.o" -I../../baca_i2c_bsp/microblaze_0/include -mlittle-endian -mcpu=v10.0 -mxl-soft-mul -Wl,--no-relax -ffunction-sections -fdata-sections -MMD -MP -MF"src/i2c.d" -MT"src/i2c.o" -o "src/i2c.o" "../src/i2c.cpp"
../src/i2c.cpp: In member function 'int I2Cdev::init(int, int)':
../src/i2c.cpp:54:22: warning: suggest parentheses around assignment used as truth value [-Wparentheses]
  else if (address = 0) {
                      ^
../src/i2c.cpp:91:30: error: invalid use of member function 'void I2Cdev::StatusHandler(XIic*, int)' (did you forget the '()' ?)
         (XIic_StatusHandler) StatusHandler);
                              ^~~~~~~~~~~~~
../src/i2c.cpp:93:22: error: invalid use of member function 'void I2Cdev::SendHandler(XIic*)' (did you forget the '()' ?)
       (XIic_Handler) SendHandler);
                      ^~~~~~~~~~~
../src/i2c.cpp:95:22: error: invalid use of member function 'void I2Cdev::ReceiveHandler(XIic*)' (did you forget the '()' ?)
       (XIic_Handler) ReceiveHandler);
                      ^~~~~~~~~~~~~~
../src/i2c.cpp:22:5: warning: unused variable 'Index' [-Wunused-variable]
  u8 Index;
     ^~~~~
../src/i2c.cpp: In static member function 'static int I2Cdev::readBits(u8, u8, u8, u8, u8*)':
../src/i2c.cpp:160:1: warning: no return statement in function returning non-void [-Wreturn-type]
 }
 ^
../src/i2c.cpp: In static member function 'static int I2Cdev::readBytes(u8, u8, u8, u8*)':
../src/i2c.cpp:261:1: warning: no return statement in function returning non-void [-Wreturn-type]
 }
 ^
../src/i2c.cpp: In static member function 'static int I2Cdev::readWords(u8, u8, u8, uint16_t*)':
../src/i2c.cpp:273:1: warning: no return statement in function returning non-void [-Wreturn-type]
 }
 ^
../src/i2c.cpp: In static member function 'static bool I2Cdev::writeBytes(u8, u8, u8, u8*)':
../src/i2c.cpp:392:1: warning: no return statement in function returning non-void [-Wreturn-type]
 }
 ^
../src/i2c.cpp: In static member function 'static bool I2Cdev::writeWords(u8, u8, u8, uint16_t*)':
../src/i2c.cpp:403:1: warning: no return statement in function returning non-void [-Wreturn-type]
 }
 ^
../src/i2c.cpp: In member function 'int I2Cdev::init(int, int)':
../src/i2c.cpp:106:1: warning: control reaches end of non-void function [-Wreturn-type]
 }
 ^
make: *** [src/i2c.o] Error 1
02:34:41 **** Auto Build of configuration Debug for project baca_i2c ****
make all 
'Building file: ../src/i2c.cpp'
'Invoking: MicroBlaze g++ compiler'
mb-g++ -Wall -O0 -g3 -c -fmessage-length=0 -MT"src/i2c.o" -I../../baca_i2c_bsp/microblaze_0/include -mlittle-endian -mcpu=v10.0 -mxl-soft-mul -Wl,--no-relax -ffunction-sections -fdata-sections -MMD -MP -MF"src/i2c.d" -MT"src/i2c.o" -o "src/i2c.o" "../src/i2c.cpp"
../src/i2c.cpp: In member function 'int I2Cdev::init(int, int)':
../src/i2c.cpp:54:22: warning: suggest parentheses around assignment used as truth value [-Wparentheses]
  else if (address = 0) {
                      ^
../src/i2c.cpp:91:39: error: expected primary-expression before ')' token
       StatusHandler(XIic_StatusHandler));
                                       ^
../src/i2c.cpp:93:22: error: invalid use of member function 'void I2Cdev::SendHandler(XIic*)' (did you forget the '()' ?)
       (XIic_Handler) SendHandler);
                      ^~~~~~~~~~~
../src/i2c.cpp:95:22: error: invalid use of member function 'void I2Cdev::ReceiveHandler(XIic*)' (did you forget the '()' ?)
       (XIic_Handler) ReceiveHandler);
                      ^~~~~~~~~~~~~~
../src/i2c.cpp:22:5: warning: unused variable 'Index' [-Wunused-variable]
  u8 Index;
     ^~~~~
../src/i2c.cpp: In static member function 'static int I2Cdev::readBits(u8, u8, u8, u8, u8*)':
../src/i2c.cpp:160:1: warning: no return statement in function returning non-void [-Wreturn-type]
 }
 ^
../src/i2c.cpp: In static member function 'static int I2Cdev::readBytes(u8, u8, u8, u8*)':
../src/i2c.cpp:261:1: warning: no return statement in function returning non-void [-Wreturn-type]
 }
 ^
../src/i2c.cpp: In static member function 'static int I2Cdev::readWords(u8, u8, u8, uint16_t*)':
../src/i2c.cpp:273:1: warning: no return statement in function returning non-void [-Wreturn-type]
 }
 ^
../src/i2c.cpp: In static member function 'static bool I2Cdev::writeBytes(u8, u8, u8, u8*)':
../src/i2c.cpp:392:1: warning: no return statement in function returning non-void [-Wreturn-type]
 }
 ^
../src/i2c.cpp: In static member function 'static bool I2Cdev::writeWords(u8, u8, u8, uint16_t*)':
../src/i2c.cpp:403:1: warning: no return statement in function returning non-void [-Wreturn-type]
 }
 ^
../src/i2c.cpp: In member function 'int I2Cdev::init(int, int)':
../src/i2c.cpp:106:1: warning: control reaches end of non-void function [-Wreturn-type]
 }
 ^
make: *** [src/i2c.o] Error 1
